
; 64tass Turbo Assembler Macro V1.54.1900 listing file
; 64tass -c -D TARGET=2 -b -L rom.lst -o rom.bin basic.asm
; Sat Jul 27 08:24:56 2019

;Offset	;Hex		;Monitor	;Source

;******  Command line definitions

=2					TARGET=2

;******  Processing input file: basic.asm


;******  Processing file: porting.asm

.fff8					EXTDummyInterrupt:
.fff8	40		rti				rti
>fffa	f8 ff						.word 	EXTDummyInterrupt
>fffc	be e5						.word 	Start
>fffe	f8 ff						.word 	EXTDummyInterrupt
=4					EXTZPWork = 4								; Zero Page work for Personality (4 bytes)
=8					IOCursorX = 8 								; Cursor position
=9					IOCursorY = 9
=$20							zeroPage 	= $20 					; first ZP byte to use
=$2000							startMemory = $2000 				; first non ZP byte to use
=$4000							endMemory   = $4000 				; last non ZP byte to use
=$200							basicStack  = $200 					; stack for BASIC
=$400							evalStack   = $400 					; stack for evaluation of expressions

;******  Processing file: personalities/personality_6502.asm

>0000	00					.byte 	0
=40					EXTWidth = 40 								; screen width
=25					EXTHeight = 25 								; screen height
=$0800					EXTLowMemory = $0800 						; Workspace RAM starts here
=$6000					EXTHighMemory = $6000 						; Workspace RAM ends here
=$b000					PScreen = $B000								; 1k screen RAM here
=$b800					PKeyboard = $B800							; Keyboard port.
.a000					EXTStartPersonalise:
.a000	a2 ff		ldx #$ff		ldx 	#$FF 							; reset 6502 stack.
.a002	9a		txs			txs
.a003	20 7e a0	jsr $a07e		jsr 	EXTReset 						; reset video
.a006	20 34 a0	jsr $a034		jsr 	EXTClearScreen 					; clear screen
.a009	4c be e5	jmp $e5be		jmp 	Start 							; start main application
.a00c					EXTReadKey:
.a00c	ad 00 b8	lda $b800		lda 	PKeyboard							; read key
.a00f	d0 01		bne $a012		bne 	EXTClearBuffer
.a011	60		rts			rts
.a012					EXTClearBuffer:
.a012	48		pha			pha 										; key pressed clear queue byte.
.a013	a9 00		lda #$00		lda 	#0
.a015	8d 00 b8	sta $b800		sta 	PKeyboard
.a018	68		pla			pla
.a019	60		rts			rts
.a01a					EXTReadScreen:
.a01a	5a		phy			phy 										; save Y
.a01b	86 04		stx $04			stx 	EXTZPWork							; into EXTZPWork
.a01d	98		tya			tya
.a01e	09 b0		ora #$b0		ora 	#PScreen>>8 						; move into screen area
.a020	85 05		sta $05			sta 	EXTZPWork+1 						; read character there
.a022	a0 00		ldy #$00		ldy 	#0
.a024	b1 04		lda ($04),y		lda 	(EXTZPWork),y
.a026	7a		ply			ply 										; restore Y and exit.
.a027	60		rts			rts
.a028					EXTWriteScreen:
.a028	5a		phy			phy
.a029	48		pha			pha
.a02a	20 1a a0	jsr $a01a		jsr		EXTReadScreen 						; set up the address into EXTZPWork
.a02d	a0 00		ldy #$00		ldy 	#0
.a02f	68		pla			pla 										; restore and write.
.a030	91 04		sta ($04),y		sta 	(EXTZPWork),y
.a032	7a		ply			ply
.a033	60		rts			rts
.a034					EXTClearScreen:
.a034	48		pha			pha 										; save registers
.a035	da		phx			phx
.a036	a2 00		ldx #$00		ldx 	#0
.a038					_EXTCSLoop:
.a038	a9 20		lda #$20		lda 	#32
.a03a	9d 00 b0	sta $b000,x		sta 	PScreen+0,x
.a03d	9d 00 b1	sta $b100,x		sta 	PScreen+$100,x
.a040	9d 00 b2	sta $b200,x		sta 	PScreen+$200,x
.a043	9d 00 b3	sta $b300,x		sta 	PScreen+$300,x
.a046	e8		inx			inx
.a047	d0 ef		bne $a038		bne 	_EXTCSLoop
.a049	fa		plx			plx 										; restore
.a04a	68		pla			pla
.a04b	60		rts			rts
.a04c					EXTScrollDisplay:
.a04c	48		pha			pha 										; save registers
.a04d	5a		phy			phy
.a04e	a9 00		lda #$00		lda 	#PScreen & $FF 					; set pointer to screen
.a050	85 04		sta $04			sta 	EXTZPWork+0
.a052	a9 b0		lda #$b0		lda 	#PScreen >> 8
.a054	85 05		sta $05			sta 	EXTZPWork+1
.a056					_EXTScroll:
.a056	a0 28		ldy #$28		ldy 	#EXTWidth
.a058	b1 04		lda ($04),y		lda 	(EXTZPWork),y
.a05a	a0 00		ldy #$00		ldy 	#0
.a05c	91 04		sta ($04),y		sta 	(EXTZPWork),y
.a05e	e6 04		inc $04			inc 	EXTZPWork 							; bump address
.a060	d0 02		bne $a064		bne 	_EXTNoCarry
.a062	e6 05		inc $05			inc 	EXTZPWork+1
.a064					_EXTNoCarry:
.a064	a5 04		lda $04			lda 	EXTZPWork 							; done ?
.a066	c9 c0		cmp #$c0		cmp	 	#(PScreen+EXTWidth*(EXTHeight-1)) & $FF
.a068	d0 ec		bne $a056		bne 	_EXTScroll
.a06a	a5 05		lda $05			lda 	EXTZPWork+1
.a06c	c9 b3		cmp #$b3		cmp	 	#(PScreen+EXTWidth*(EXTHeight-1)) >> 8
.a06e	d0 e6		bne $a056		bne 	_EXTScroll
.a070	a0 00		ldy #$00		ldy 	#0									; clear bottom line.
.a072					_EXTLastLine:
.a072	a9 20		lda #$20		lda 	#32
.a074	91 04		sta ($04),y		sta 	(EXTZPWork),y
.a076	c8		iny			iny
.a077	c0 28		cpy #$28		cpy 	#EXTWidth
.a079	d0 f7		bne $a072		bne 	_EXTLastLine
.a07b	7a		ply			ply 										; restore and exit.
.a07c	68		pla			pla
.a07d	60		rts			rts
.a07e					EXTReset:
.a07e	60		rts			rts

;******  Return to file: porting.asm


;******  Processing file: personalities/personality_io.asm

.a07f					IOInitialise:
.a07f	20 7e a0	jsr $a07e			jsr 	EXTReset 					; reset display.
.a082	20 34 a0	jsr $a034			jsr 	EXTClearScreen 				; clear screen.
.a085	48		pha				pha
.a086	a9 00		lda #$00			lda 	#00 						; home cursor
.a088	85 08		sta $08				sta 	IOCursorX
.a08a	85 09		sta $09				sta 	IOCursorY
.a08c	68		pla				pla
.a08d	60		rts				rts
.a08e					IOPrintChar:
.a08e	48		pha				pha 								; save registers
.a08f	da		phx				phx
.a090	5a		phy				phy
.a091	29 7f		and #$7f			and 	#$7F 						; bits 0-6 only
.a093	20 e1 a0	jsr $a0e1			jsr 	IOUpperCase 				; convert to upper case.
.a096	c9 0d		cmp #$0d			cmp 	#13 						; new line ?
.a098	f0 16		beq $a0b0			beq 	_IOPCNewLine
.a09a	c9 20		cmp #$20			cmp 	#32 						; not printable.
.a09c	90 23		bcc $a0c1			bcc 	_IOPCExit
.a09e	48		pha				pha 								; print at cursor
.a09f	20 ed a0	jsr $a0ed			jsr 	IOGetCursorXY
.a0a2	68		pla				pla
.a0a3	29 3f		and #$3f			and 	#$3F 						; 6 Bit ASCII
.a0a5	20 28 a0	jsr $a028			jsr 	EXTWriteScreen
.a0a8	e6 08		inc $08				inc 	IOCursorX 					; move left.
.a0aa	a5 08		lda $08				lda 	IOCursorX
.a0ac	c9 28		cmp #$28			cmp		#EXTWidth 					; will be zero if at RHS
.a0ae	d0 11		bne $a0c1			bne 	_IOPCExit 					; exit otherwise
.a0b0					_IOPCNewLine:
.a0b0	a9 00		lda #$00			lda 	#0 							; go down and to lhs
.a0b2	85 08		sta $08				sta 	IOCursorX
.a0b4	e6 09		inc $09				inc 	IOCursorY
.a0b6	a5 09		lda $09				lda 	IOCursorY 					; off bottom
.a0b8	c9 19		cmp #$19			cmp 	#EXTHeight
.a0ba	90 05		bcc $a0c1			bcc 	_IOPCExit
.a0bc	20 4c a0	jsr $a04c			jsr 	EXTScrollDisplay 			; scroll
.a0bf	c6 09		dec $09				dec 	IOCursorY 					; fix up.
.a0c1					_IOPCExit:
.a0c1	7a		ply				ply
.a0c2	fa		plx				plx
.a0c3	68		pla				pla
.a0c4	60		rts				rts
.a0c5					IOReadKey:
.a0c5	da		phx				phx 								; save XY
.a0c6	5a		phy				phy
.a0c7	20 ed a0	jsr $a0ed			jsr 	IOGetCursorXY 				; show prompt
.a0ca	a9 1d		lda #$1d			lda 	#$1D
.a0cc	20 28 a0	jsr $a028			jsr  	EXTWriteScreen
.a0cf					_IORKWait:
.a0cf	20 0c a0	jsr $a00c			jsr 	EXTReadKey
.a0d2	f0 fb		beq $a0cf			beq 	_IORKWait
.a0d4	48		pha				pha 								; clear prompt
.a0d5	20 ed a0	jsr $a0ed			jsr 	IOGetCursorXY
.a0d8	a9 20		lda #$20			lda 	#" "
.a0da	20 28 a0	jsr $a028			jsr  	EXTWriteScreen
.a0dd	68		pla				pla
.a0de	7a		ply				ply 								; restore and exit.
.a0df	fa		plx				plx
.a0e0	60		rts				rts
.a0e1					IOUpperCase:
.a0e1	c9 61		cmp #$61			cmp 	#"a"
.a0e3	90 07		bcc $a0ec			bcc 	_IOUCExit
.a0e5	c9 7b		cmp #$7b			cmp 	#"z"+1
.a0e7	b0 03		bcs $a0ec			bcs 	_IOUCExit
.a0e9	38		sec				sec
.a0ea	e9 20		sbc #$20			sbc 	#32
.a0ec					_IOUCExit:
.a0ec	60		rts				rts
.a0ed					IOGetCursorXY:
.a0ed	48		pha				pha
.a0ee	a5 09		lda $09				lda 	IOCursorY 					; multiply IOCursorY x 5
.a0f0	0a		asl a				asl		a
.a0f1	0a		asl a				asl		a 							; x 4, carry clear
.a0f2	65 09		adc $09				adc 	IOCursorY 					; so this will be 0..199 now
.a0f4	aa		tax				tax
.a0f5	8a		txa				txa 								; x 10
.a0f6	0a		asl a				asl 	a
.a0f7	aa		tax				tax
.a0f8	a9 00		lda #$00			lda 	#0
.a0fa	2a		rol a				rol 	a
.a0fb	a8		tay				tay
.a0fc	8a		txa				txa 								; x 20
.a0fd	0a		asl a				asl 	a
.a0fe	aa		tax				tax
.a0ff	98		tya				tya
.a100	2a		rol a				rol 	a
.a101	a8		tay				tay
.a102	8a		txa				txa 								; x 40
.a103	0a		asl a				asl 	a
.a104	aa		tax				tax
.a105	98		tya				tya
.a106	2a		rol a				rol 	a
.a107	a8		tay				tay
.a108	8a		txa				txa 								; add X to that.
.a109	18		clc				clc
.a10a	65 08		adc $08				adc 	IOCursorX
.a10c	aa		tax				tax
.a10d	90 01		bcc $a110			bcc 	_IOGCXYExit
.a10f	c8		iny				iny
.a110					_IOGCXYExit:
.a110	68		pla				pla
.a111	60		rts				rts

;******  Return to file: porting.asm


;******  Return to file: basic.asm


;******  Processing file: include/tokens.inc

.e000					KeywordVectorTable:
>e000	d0 e5					.word	SyntaxError                   ; "!"        ($0080)
>e002	d0 e5					.word	SyntaxError                   ; """        ($0081)
>e004	d0 e5					.word	SyntaxError                   ; "#"        ($0082)
>e006	d0 e5					.word	SyntaxError                   ; "$"        ($0083)
>e008	ec e3					.word	BFUNC_Modulus                 ; "%"        ($0084)
>e00a	5f e2					.word	BFUNC_And                     ; "&"        ($0085)
>e00c	d0 e5					.word	SyntaxError                   ; "'"        ($0086)
>e00e	d0 e5					.word	SyntaxError                   ; "("        ($0087)
>e010	d0 e5					.word	SyntaxError                   ; ")"        ($0088)
>e012	ce e2					.word	BFUNC_Multiply                ; "*"        ($0089)
>e014	13 e2					.word	BFUNC_Add                     ; "+"        ($008a)
>e016	39 e2					.word	BFUNC_Subtract                ; "-"        ($008b)
>e018	25 e3					.word	BFUNC_Divide                  ; "/"        ($008c)
>e01a	d0 e5					.word	SyntaxError                   ; ":"        ($008d)
>e01c	d0 e5					.word	SyntaxError                   ; ";"        ($008e)
>e01e	6a e4					.word	BFUNC_LessEqual               ; "<="       ($008f)
>e020	0b e4					.word	BFUNC_NotEquals               ; "<>"       ($0090)
>e022	45 e4					.word	BFUNC_Less                    ; "<"        ($0091)
>e024	08 e4					.word	BFUNC_Equals                  ; "="        ($0092)
>e026	48 e4					.word	BFUNC_GreaterEqual            ; ">="       ($0093)
>e028	67 e4					.word	BFUNC_Greater                 ; ">"        ($0094)
>e02a	d0 e5					.word	SyntaxError                   ; "?"        ($0095)
>e02c	a9 e2					.word	BFUNC_Xor                     ; "^"        ($0096)
>e02e	15 e5					.word	COMMAND_Assert                ; "assert"   ($0097)
>e030	d0 e5					.word	SyntaxError                   ; "abs"      ($0098)
>e032	56 e5					.word	COMMAND_Clear                 ; "clear"    ($0099)
>e034	d0 e5					.word	SyntaxError                   ; "ch"       ($009a)
>e036	d0 e5					.word	SyntaxError                   ; "do"       ($009b)
>e038	d0 e5					.word	SyntaxError                   ; "else"     ($009c)
>e03a	11 e5					.word	COMMAND_End                   ; "end"      ($009d)
>e03c	d0 e5					.word	SyntaxError                   ; "for"      ($009e)
>e03e	d0 e5					.word	SyntaxError                   ; "gosub"    ($009f)
>e040	d0 e5					.word	SyntaxError                   ; "goto"     ($00a0)
>e042	d0 e5					.word	SyntaxError                   ; "input"    ($00a1)
>e044	d0 e5					.word	SyntaxError                   ; "if"       ($00a2)
>e046	d0 e5					.word	SyntaxError                   ; "local"    ($00a3)
>e048	d0 e5					.word	SyntaxError                   ; "list"     ($00a4)
>e04a	d0 e5					.word	SyntaxError                   ; "loop"     ($00a5)
>e04c	d0 e5					.word	SyntaxError                   ; "link"     ($00a6)
>e04e	d0 e5					.word	SyntaxError                   ; "let"      ($00a7)
>e050	d0 e5					.word	SyntaxError                   ; "len"      ($00a8)
>e052	d0 e5					.word	SyntaxError                   ; "next"     ($00a9)
>e054	43 e5					.word	COMMAND_New                   ; "new"      ($00aa)
>e056	88 e5					.word	COMMAND_Old                   ; "old"      ($00ab)
>e058	d0 e5					.word	SyntaxError                   ; "print"    ($00ac)
>e05a	39 e5					.word	COMMAND_Rem                   ; "rem"      ($00ad)
>e05c	d0 e5					.word	SyntaxError                   ; "rnd"      ($00ae)
>e05e	09 e5					.word	COMMAND_Stop                  ; "stop"     ($00af)
>e060	d0 e5					.word	SyntaxError                   ; "step"     ($00b0)
>e062	d0 e5					.word	SyntaxError                   ; "then"     ($00b1)
>e064	d0 e5					.word	SyntaxError                   ; "top"      ($00b2)
>e066	d0 e5					.word	SyntaxError                   ; "to"       ($00b3)
>e068	84 e2					.word	BFUNC_Or                      ; "|"        ($00b4)
>e06a	89 e4					.word	BFUNC_StringCompare           ; "~"        ($00b5)
.e06c					TokenText:
>e06c	a1					.byte $a1                             ; $0080 !
>e06d	a2					.byte $a2                             ; $0081 "
>e06e	a3					.byte $a3                             ; $0082 #
>e06f	a4					.byte $a4                             ; $0083 $
>e070	a5					.byte $a5                             ; $0084 %
>e071	a6					.byte $a6                             ; $0085 &
>e072	a7					.byte $a7                             ; $0086 '
>e073	a8					.byte $a8                             ; $0087 (
>e074	a9					.byte $a9                             ; $0088 )
>e075	aa					.byte $aa                             ; $0089 *
>e076	ab					.byte $ab                             ; $008a +
>e077	ad					.byte $ad                             ; $008b -
>e078	af					.byte $af                             ; $008c /
>e079	ba					.byte $ba                             ; $008d :
>e07a	bb					.byte $bb                             ; $008e ;
>e07b	3c bd					.byte $3c,$bd                         ; $008f <=
>e07d	3c be					.byte $3c,$be                         ; $0090 <>
>e07f	bc					.byte $bc                             ; $0091 <
>e080	bd					.byte $bd                             ; $0092 =
>e081	3e bd					.byte $3e,$bd                         ; $0093 >=
>e083	be					.byte $be                             ; $0094 >
>e084	bf					.byte $bf                             ; $0095 ?
>e085	de					.byte $de                             ; $0096 ^
>e086	61 73 73 65 72 f4			.byte $61,$73,$73,$65,$72,$f4         ; $0097 assert
>e08c	61 62 f3				.byte $61,$62,$f3                     ; $0098 abs
>e08f	63 6c 65 61 f2				.byte $63,$6c,$65,$61,$f2             ; $0099 clear
>e094	63 e8					.byte $63,$e8                         ; $009a ch
>e096	64 ef					.byte $64,$ef                         ; $009b do
>e098	65 6c 73 e5				.byte $65,$6c,$73,$e5                 ; $009c else
>e09c	65 6e e4				.byte $65,$6e,$e4                     ; $009d end
>e09f	66 6f f2				.byte $66,$6f,$f2                     ; $009e for
>e0a2	67 6f 73 75 e2				.byte $67,$6f,$73,$75,$e2             ; $009f gosub
>e0a7	67 6f 74 ef				.byte $67,$6f,$74,$ef                 ; $00a0 goto
>e0ab	69 6e 70 75 f4				.byte $69,$6e,$70,$75,$f4             ; $00a1 input
>e0b0	69 e6					.byte $69,$e6                         ; $00a2 if
>e0b2	6c 6f 63 61 ec				.byte $6c,$6f,$63,$61,$ec             ; $00a3 local
>e0b7	6c 69 73 f4				.byte $6c,$69,$73,$f4                 ; $00a4 list
>e0bb	6c 6f 6f f0				.byte $6c,$6f,$6f,$f0                 ; $00a5 loop
>e0bf	6c 69 6e eb				.byte $6c,$69,$6e,$eb                 ; $00a6 link
>e0c3	6c 65 f4				.byte $6c,$65,$f4                     ; $00a7 let
>e0c6	6c 65 ee				.byte $6c,$65,$ee                     ; $00a8 len
>e0c9	6e 65 78 f4				.byte $6e,$65,$78,$f4                 ; $00a9 next
>e0cd	6e 65 f7				.byte $6e,$65,$f7                     ; $00aa new
>e0d0	6f 6c e4				.byte $6f,$6c,$e4                     ; $00ab old
>e0d3	70 72 69 6e f4				.byte $70,$72,$69,$6e,$f4             ; $00ac print
>e0d8	72 65 ed				.byte $72,$65,$ed                     ; $00ad rem
>e0db	72 6e e4				.byte $72,$6e,$e4                     ; $00ae rnd
>e0de	73 74 6f f0				.byte $73,$74,$6f,$f0                 ; $00af stop
>e0e2	73 74 65 f0				.byte $73,$74,$65,$f0                 ; $00b0 step
>e0e6	74 68 65 ee				.byte $74,$68,$65,$ee                 ; $00b1 then
>e0ea	74 6f f0				.byte $74,$6f,$f0                     ; $00b2 top
>e0ed	74 ef					.byte $74,$ef                         ; $00b3 to
>e0ef	fc					.byte $fc                             ; $00b4 |
>e0f0	fe					.byte $fe                             ; $00b5 ~
>e0f1	00					.byte $00
.e0f2					TokenTypeInformation:
>e0f2	04					.byte $04                             ; $0080 !
>e0f3	0a					.byte $0a                             ; $0081 "
>e0f4	0a					.byte $0a                             ; $0082 #
>e0f5	04					.byte $04                             ; $0083 $
>e0f6	03					.byte $03                             ; $0084 %
>e0f7	00					.byte $00                             ; $0085 &
>e0f8	0a					.byte $0a                             ; $0086 '
>e0f9	0a					.byte $0a                             ; $0087 (
>e0fa	0a					.byte $0a                             ; $0088 )
>e0fb	03					.byte $03                             ; $0089 *
>e0fc	02					.byte $02                             ; $008a +
>e0fd	02					.byte $02                             ; $008b -
>e0fe	03					.byte $03                             ; $008c /
>e0ff	0a					.byte $0a                             ; $008d :
>e100	0a					.byte $0a                             ; $008e ;
>e101	01					.byte $01                             ; $008f <=
>e102	01					.byte $01                             ; $0090 <>
>e103	01					.byte $01                             ; $0091 <
>e104	01					.byte $01                             ; $0092 =
>e105	01					.byte $01                             ; $0093 >=
>e106	01					.byte $01                             ; $0094 >
>e107	04					.byte $04                             ; $0095 ?
>e108	00					.byte $00                             ; $0096 ^
>e109	04					.byte $04                             ; $0097 assert
>e10a	09					.byte $09                             ; $0098 abs
>e10b	04					.byte $04                             ; $0099 clear
>e10c	09					.byte $09                             ; $009a ch
>e10d	04					.byte $04                             ; $009b do
>e10e	04					.byte $04                             ; $009c else
>e10f	04					.byte $04                             ; $009d end
>e110	04					.byte $04                             ; $009e for
>e111	04					.byte $04                             ; $009f gosub
>e112	04					.byte $04                             ; $00a0 goto
>e113	04					.byte $04                             ; $00a1 input
>e114	04					.byte $04                             ; $00a2 if
>e115	04					.byte $04                             ; $00a3 local
>e116	04					.byte $04                             ; $00a4 list
>e117	04					.byte $04                             ; $00a5 loop
>e118	04					.byte $04                             ; $00a6 link
>e119	04					.byte $04                             ; $00a7 let
>e11a	09					.byte $09                             ; $00a8 len
>e11b	04					.byte $04                             ; $00a9 next
>e11c	04					.byte $04                             ; $00aa new
>e11d	04					.byte $04                             ; $00ab old
>e11e	04					.byte $04                             ; $00ac print
>e11f	04					.byte $04                             ; $00ad rem
>e120	09					.byte $09                             ; $00ae rnd
>e121	04					.byte $04                             ; $00af stop
>e122	04					.byte $04                             ; $00b0 step
>e123	04					.byte $04                             ; $00b1 then
>e124	09					.byte $09                             ; $00b2 top
>e125	04					.byte $04                             ; $00b3 to
>e126	00					.byte $00                             ; $00b4 |
>e127	01					.byte $01                             ; $00b5 ~
=$00					KTYPE_PRECBASE = $00
=$08					KTYPE_COMMAND = $08
=$09					KTYPE_UNARYFN = $09
=$0a					KTYPE_SYNTAX = $0a
=$0080					KW_PLING = $0080
=$0081					KW_DQUOTE = $0081
=$0082					KW_HASH = $0082
=$0083					KW_DOLLAR = $0083
=$0084					KW_PERCENT = $0084
=$0085					KW_AMPERSAND = $0085
=$0086					KW_SQUOTE = $0086
=$0087					KW_LPAREN = $0087
=$0088					KW_RPAREN = $0088
=$0089					KW_STAR = $0089
=$008a					KW_PLUS = $008a
=$008b					KW_MINUS = $008b
=$008c					KW_FSLASH = $008c
=$008d					KW_COLON = $008d
=$008e					KW_SEMICOLON = $008e
=$008f					KW_LESSEQUAL = $008f
=$0090					KW_LESSGREATER = $0090
=$0091					KW_LESS = $0091
=$0092					KW_EQUAL = $0092
=$0093					KW_GREATEREQUAL = $0093
=$0094					KW_GREATER = $0094
=$0095					KW_QUESTION = $0095
=$0096					KW_HAT = $0096
=$0097					KW_ASSERT = $0097
=$0098					KW_ABS = $0098
=$0099					KW_CLEAR = $0099
=$009a					KW_CH = $009a
=$009b					KW_DO = $009b
=$009c					KW_ELSE = $009c
=$009d					KW_END = $009d
=$009e					KW_FOR = $009e
=$009f					KW_GOSUB = $009f
=$00a0					KW_GOTO = $00a0
=$00a1					KW_INPUT = $00a1
=$00a2					KW_IF = $00a2
=$00a3					KW_LOCAL = $00a3
=$00a4					KW_LIST = $00a4
=$00a5					KW_LOOP = $00a5
=$00a6					KW_LINK = $00a6
=$00a7					KW_LET = $00a7
=$00a8					KW_LEN = $00a8
=$00a9					KW_NEXT = $00a9
=$00aa					KW_NEW = $00aa
=$00ab					KW_OLD = $00ab
=$00ac					KW_PRINT = $00ac
=$00ad					KW_REM = $00ad
=$00ae					KW_RND = $00ae
=$00af					KW_STOP = $00af
=$00b0					KW_STEP = $00b0
=$00b1					KW_THEN = $00b1
=$00b2					KW_TOP = $00b2
=$00b3					KW_TO = $00b3
=$00b4					KW_BAR = $00b4
=$00b5					KW_TILDE = $00b5

;******  Return to file: basic.asm


;******  Processing file: general/support.asm


;******  Return to file: basic.asm


;******  Processing file: general/data.asm

=$e128							currentPosData = *
>0020					zCurrentLine: 	.word 	?					; address of current line (offset word)
>0022					zBasicStack:	.word 	? 					; stack for BASIC.
>0024					zLowMemory:		.word	?					; next free space after program (arrays,vars etc.)
>0026					zTemp1:			.word 	?					; temporary vars
>0028					zTemp2:			.word 	?
>2000					FixedVariables:	.fill 	26*4 				; address of 26 x 4 byte fixed variables A-Z
=8					HashTableSize = 8 							; number of entries, must be a power of 2.
>2068					HashTable:		.fill	HashTableSize*2		; hash table for variable linked lists.
>2078					HighMemory:		.word 	?					; highest memory location available (2 bytes)
>207a					Temp1:			.dword	?					; 4 byte temporary stores.
>207e					SignCount:		.byte 	? 					; count of signs in divide.
>207f									.align	256
.2100					BasicProgram:

;******  Return to file: basic.asm


;******  Processing file: general/evaluate.asm

.e128					EvaluateSNError:
.e128	4c d0 e5	jmp $e5d0			jmp 	SyntaxError
.e12b					EvaluateBase:
.e12b	a2 00		ldx #$00			ldx 	#0 							; reset the stack
.e12d					EvaluateBaseCurrentLevel:
.e12d	a9 00		lda #$00			lda 	#0 							; current precedence is zero
.e12f					EvaluateAtPrecedenceLevel:
.e12f	48		pha				pha 								; save precedence level
.e130	a9 00		lda #$00			lda 	#0 							; zero the top two bytes of the result
.e132	9d 02 04	sta $0402,x			sta 	evalStack+2,x
.e135	9d 03 04	sta $0403,x			sta 	evalStack+3,x
.e138	c8		iny				iny 								; get high byte of next token
.e139	b1 20		lda ($20),y			lda 	(zCurrentLine),y
.e13b	88		dey				dey
.e13c	c9 00		cmp #$00			cmp 	#0 							; is it $00 (end or string)
.e13e	f0 05		beq $e145			beq 	_EVALString
.e140	10 1e		bpl $e160			bpl 	_EVALNotString 				; if +ve it is a keyword or a constant
.e142	4c 11 e2	jmp $e211			jmp 	_EVALVariable 				; if -ve it is a variable.
.e145					_EVALString:
.e145	b1 20		lda ($20),y			lda 	(zCurrentLine),y 			; get the length.
.e147	f0 df		beq $e128			beq 	EvaluateSNError 			; if zero, that's an error.
.e149	18		clc				clc 								; copy currentline + Y + 2
.e14a	98		tya				tya 								; as the low bytes of the result
.e14b	69 02		adc #$02			adc 	#2
.e14d	65 20		adc $20				adc 	zCurrentLine
.e14f	9d 00 04	sta $0400,x			sta 	evalStack+0,x
.e152	a5 21		lda $21				lda 	zCurrentLine+1
.e154	69 00		adc #$00			adc 	#0
.e156	9d 01 04	sta $0401,x			sta 	evalStack+1,x
.e159	98		tya				tya 								; work out offset for next.
.e15a	18		clc				clc
.e15b	71 20		adc ($20),y			adc 	(zCurrentLine),y
.e15d	a8		tay				tay
.e15e	80 5a		bra $e1ba			bra 	_EVALGotAtom 				; got the atom.
.e160					_EVALNotString:
.e160	c9 40		cmp #$40			cmp 	#$40 	 					; if $4000-$7FFF this is a constant.
.e162	b0 03		bcs $e167			bcs 	_EVALConstant
.e164	4c 0f e2	jmp $e20f			jmp	 	_EVALKeyword				; keyword, which means unary function or operator.
.e167					_EVALConstant:
.e167	29 3f		and #$3f			and 	#$3F 						; only interested in upper 6 bits (14 of word)
.e169	9d 01 04	sta $0401,x			sta 	evalStack+1,x 				; the msb
.e16c	b1 20		lda ($20),y			lda 	(zCurrentLine),y 			; get the lsb and copy it
.e16e	9d 00 04	sta $0400,x			sta 	evalStack+0,x
.e171	c8		iny				iny									; advance to next
.e172	c8		iny				iny
.e173					_EVALIntegerNext:
.e173	c8		iny				iny 								; get the MSB of the next token.
.e174	b1 20		lda ($20),y			lda 	(zCurrentLine),y
.e176	88		dey				dey
.e177	29 c0		and #$c0			and 	#$C0 						; $4000-$7FFF is 01xx xxxx
.e179	c9 40		cmp #$40			cmp 	#$40
.e17b	d0 3d		bne $e1ba			bne		_EVALGotAtom
.e17d	bd 02 04	lda $0402,x			lda 	evalStack+2,x 				; effectively, shift left 16.
.e180	9d 04 04	sta $0404,x			sta 	evalStack+4,x
.e183	bd 01 04	lda $0401,x			lda 	evalStack+1,x
.e186	9d 03 04	sta $0403,x			sta 	evalStack+3,x
.e189	bd 00 04	lda $0400,x			lda 	evalStack+0,x
.e18c	9d 02 04	sta $0402,x			sta 	evalStack+2,x
.e18f	a9 00		lda #$00			lda 	#0
.e191	9d 01 04	sta $0401,x			sta 	evalStack+1,x 				; don't worry about +0, it is overwritten.
.e194	5a		phy				phy 								; rotate it right twice.
.e195	a0 02		ldy #$02			ldy 	#2
.e197					_EVALRotate:
.e197	5e 04 04	lsr $0404,x			lsr 	evalStack+4,x
.e19a	7e 03 04	ror $0403,x			ror 	evalStack+3,x
.e19d	7e 02 04	ror $0402,x			ror 	evalStack+2,x
.e1a0	7e 01 04	ror $0401,x			ror 	evalStack+1,x
.e1a3	88		dey				dey
.e1a4	d0 f1		bne $e197			bne 	_EVALRotate
.e1a6	7a		ply				ply
.e1a7	b1 20		lda ($20),y			lda 	(zCurrentLine),y 			; put the new word in.
.e1a9	9d 00 04	sta $0400,x			sta 	evalStack+0,x
.e1ac	c8		iny				iny
.e1ad	b1 20		lda ($20),y			lda 	(zCurrentLine),y
.e1af	29 3f		and #$3f			and 	#$3F 						; 14 bits of word.
.e1b1	1d 01 04	ora $0401,x			ora 	evalStack+1,x
.e1b4	9d 01 04	sta $0401,x			sta 	evalStack+1,x
.e1b7	c8		iny				iny
.e1b8	80 b9		bra $e173			bra 	_EVALIntegerNext 			; and check yet again.
.e1ba					_EVALGotAtom:
.e1ba	c8		iny				iny 								; get the MSB of the token
.e1bb	b1 20		lda ($20),y			lda 	(zCurrentLine),y 			; 001t tttk - we want 0010 xxxx
.e1bd	29 f0		and #$f0			and 	#$F0 						; for it to be a binary operator.
.e1bf	c9 20		cmp #$20			cmp 	#$20
.e1c1	d0 49		bne $e20c			bne 	_EVALExitDecY 				; not a binary operator, so exit, unpicking the INY.
.e1c3	b1 20		lda ($20),y			lda 	(zCurrentLine),y 			; get the token again
.e1c5	29 0e		and #$0e			and 	#$0E 						; mask out the precedence bits
.e1c7	4a		lsr a				lsr 	a 							; now in bits 0,1,2
.e1c8	8d 7a 20	sta $207a			sta 	Temp1 						; save it.
.e1cb	68		pla				pla 								; get current precedence level
.e1cc	48		pha				pha 								; push it back again.
.e1cd	cd 7a 20	cmp $207a			cmp 	Temp1 						; compare operator precedence - keyword precedence level.
.e1d0	f0 02		beq $e1d4			beq 	_EVALDoCalc					; equal, do it.
.e1d2	b0 38		bcs $e20c			bcs 	_EVALExitDecY				; too high, then exit.
.e1d4					_EVALDoCalc:
.e1d4	88		dey				dey
.e1d5	b1 20		lda ($20),y			lda 	(ZCurrentLine),y 			; low byte of operator.
.e1d7	48		pha				pha
.e1d8	c8		iny				iny
.e1d9	b1 20		lda ($20),y			lda 	(ZCurrentLine),y 			; high byte of operator
.e1db	48		pha				pha
.e1dc	c8		iny				iny 								; now points to next.
.e1dd	da		phx				phx
.e1de	e8		inx				inx 								; work out right hand side.
.e1df	e8		inx				inx
.e1e0	e8		inx				inx
.e1e1	e8		inx				inx
.e1e2	ad 7a 20	lda $207a			lda 	Temp1 						; get current operator precedence level.
.e1e5	1a		inc a				inc 	a 							; so work it out at the next level.
.e1e6	20 2f e1	jsr $e12f			jsr 	EvaluateAtPrecedenceLevel 	; work out the RHS.
.e1e9	fa		plx				plx 								; fix X back.
.e1ea	68		pla				pla 								; get keyword MSB ack
.e1eb	29 01		and #$01			and 	#1 							; ID bit
.e1ed	8d 7c 20	sta $207c			sta 	Temp1+2 					; save in Temp1.2
.e1f0	68		pla				pla 	 							; get LSB
.e1f1	0a		asl a				asl 	a 							; double it
.e1f2	2e 7c 20	rol $207c			rol 	Temp1+2 					; shift carry out from ASL into upper byte.
.e1f5	69 fe		adc #$fe			adc 	#(KeywordVectorTable-2) & $FF
.e1f7	8d 7b 20	sta $207b			sta 	Temp1+1
.e1fa	ad 7c 20	lda $207c			lda 	Temp1+2
.e1fd	69 df		adc #$df			adc 	#(KeywordVectorTable-2) >> 8
.e1ff	8d 7c 20	sta $207c			sta 	Temp1+2						; save in Temp1.1, which now has the indirect address
.e202	a9 6c		lda #$6c			lda 	#$6C 						; make JMP (xxxx)
.e204	8d 7a 20	sta $207a			sta 	Temp1+0
.e207	20 7a 20	jsr $207a			jsr 	Temp1 						; call that routine.
.e20a	80 ae		bra $e1ba			bra 	_EVALGotAtom 				; and loop back again.
.e20c					_EVALExitDecY:
.e20c	88		dey				dey
.e20d	68		pla				pla 								; restore precedence.
.e20e					_EVALExit:
.e20e	60		rts				rts
.e20f					_EVALKeyword:
.e20f	80 fe		bra $e20f			bra 	_EVALKeyword
.e211					_EVALVariable:
.e211	80 fe		bra $e211			bra 	_EVALVariable

;******  Return to file: basic.asm


;******  Processing file: binary/arithmetic.asm

.e213					BFUNC_Add:
.e213	18		clc				clc
.e214	bd 00 04	lda $0400,x			lda 	evalStack+0,x
.e217	7d 04 04	adc $0404,x			adc 	evalStack+4,x
.e21a	9d 00 04	sta $0400,x			sta 	evalStack+0,x
.e21d	bd 01 04	lda $0401,x			lda 	evalStack+1,x
.e220	7d 05 04	adc $0405,x			adc 	evalStack+5,x
.e223	9d 01 04	sta $0401,x			sta 	evalStack+1,x
.e226	bd 02 04	lda $0402,x			lda 	evalStack+2,x
.e229	7d 06 04	adc $0406,x			adc 	evalStack+6,x
.e22c	9d 02 04	sta $0402,x			sta 	evalStack+2,x
.e22f	bd 03 04	lda $0403,x			lda 	evalStack+3,x
.e232	7d 07 04	adc $0407,x			adc 	evalStack+7,x
.e235	9d 03 04	sta $0403,x			sta 	evalStack+3,x
.e238	60		rts				rts
.e239					BFUNC_Subtract:
.e239	38		sec				sec
.e23a	bd 00 04	lda $0400,x			lda 	evalStack+0,x
.e23d	fd 04 04	sbc $0404,x			sbc 	evalStack+4,x
.e240	9d 00 04	sta $0400,x			sta 	evalStack+0,x
.e243	bd 01 04	lda $0401,x			lda 	evalStack+1,x
.e246	fd 05 04	sbc $0405,x			sbc 	evalStack+5,x
.e249	9d 01 04	sta $0401,x			sta 	evalStack+1,x
.e24c	bd 02 04	lda $0402,x			lda 	evalStack+2,x
.e24f	fd 06 04	sbc $0406,x			sbc 	evalStack+6,x
.e252	9d 02 04	sta $0402,x			sta 	evalStack+2,x
.e255	bd 03 04	lda $0403,x			lda 	evalStack+3,x
.e258	fd 07 04	sbc $0407,x			sbc 	evalStack+7,x
.e25b	9d 03 04	sta $0403,x			sta 	evalStack+3,x
.e25e	60		rts				rts

;******  Return to file: basic.asm


;******  Processing file: binary/binary.asm

.e25f					BFUNC_And:
.e25f	bd 00 04	lda $0400,x			lda 	evalStack+0,x
.e262	3d 04 04	and $0404,x			and 	evalStack+4,x
.e265	9d 00 04	sta $0400,x			sta 	evalStack+0,x
.e268	bd 01 04	lda $0401,x			lda 	evalStack+1,x
.e26b	3d 05 04	and $0405,x			and 	evalStack+5,x
.e26e	9d 01 04	sta $0401,x			sta 	evalStack+1,x
.e271	bd 02 04	lda $0402,x			lda 	evalStack+2,x
.e274	3d 06 04	and $0406,x			and 	evalStack+6,x
.e277	9d 02 04	sta $0402,x			sta 	evalStack+2,x
.e27a	bd 03 04	lda $0403,x			lda 	evalStack+3,x
.e27d	3d 07 04	and $0407,x			and 	evalStack+7,x
.e280	9d 03 04	sta $0403,x			sta 	evalStack+3,x
.e283	60		rts				rts
.e284					BFUNC_Or:
.e284	bd 00 04	lda $0400,x			lda 	evalStack+0,x
.e287	1d 04 04	ora $0404,x			ora 	evalStack+4,x
.e28a	9d 00 04	sta $0400,x			sta 	evalStack+0,x
.e28d	bd 01 04	lda $0401,x			lda 	evalStack+1,x
.e290	1d 05 04	ora $0405,x			ora 	evalStack+5,x
.e293	9d 01 04	sta $0401,x			sta 	evalStack+1,x
.e296	bd 02 04	lda $0402,x			lda 	evalStack+2,x
.e299	1d 06 04	ora $0406,x			ora 	evalStack+6,x
.e29c	9d 02 04	sta $0402,x			sta 	evalStack+2,x
.e29f	bd 03 04	lda $0403,x			lda 	evalStack+3,x
.e2a2	1d 07 04	ora $0407,x			ora 	evalStack+7,x
.e2a5	9d 03 04	sta $0403,x			sta 	evalStack+3,x
.e2a8	60		rts				rts
.e2a9					BFUNC_Xor:
.e2a9	bd 00 04	lda $0400,x			lda 	evalStack+0,x
.e2ac	5d 04 04	eor $0404,x			eor 	evalStack+4,x
.e2af	9d 00 04	sta $0400,x			sta 	evalStack+0,x
.e2b2	bd 01 04	lda $0401,x			lda 	evalStack+1,x
.e2b5	5d 05 04	eor $0405,x			eor 	evalStack+5,x
.e2b8	9d 01 04	sta $0401,x			sta 	evalStack+1,x
.e2bb	bd 02 04	lda $0402,x			lda 	evalStack+2,x
.e2be	5d 06 04	eor $0406,x			eor 	evalStack+6,x
.e2c1	9d 02 04	sta $0402,x			sta 	evalStack+2,x
.e2c4	bd 03 04	lda $0403,x			lda 	evalStack+3,x
.e2c7	5d 07 04	eor $0407,x			eor 	evalStack+7,x
.e2ca	9d 03 04	sta $0403,x			sta 	evalStack+3,x
.e2cd	60		rts				rts

;******  Return to file: basic.asm


;******  Processing file: binary/multiply.asm

.e2ce					BFUNC_Multiply:
.e2ce	bd 00 04	lda $0400,x			lda 	evalStack+0,x				; copy +0 to +8
.e2d1	9d 08 04	sta $0408,x			sta 	evalStack+8,x
.e2d4	bd 01 04	lda $0401,x			lda 	evalStack+1,x
.e2d7	9d 09 04	sta $0409,x			sta 	evalStack+9,x
.e2da	bd 02 04	lda $0402,x			lda 	evalStack+2,x
.e2dd	9d 0a 04	sta $040a,x			sta 	evalStack+10,x
.e2e0	bd 03 04	lda $0403,x			lda 	evalStack+3,x
.e2e3	9d 0b 04	sta $040b,x			sta 	evalStack+11,x
.e2e6	a9 00		lda #$00			lda 	#0
.e2e8	9d 00 04	sta $0400,x			sta 	evalStack+0,x 				; zero +0
.e2eb	9d 01 04	sta $0401,x			sta 	evalStack+1,x
.e2ee	9d 02 04	sta $0402,x			sta 	evalStack+2,x
.e2f1	9d 03 04	sta $0403,x			sta 	evalStack+3,x
.e2f4					_BFMMultiply:
.e2f4	bd 08 04	lda $0408,x			lda 	evalStack+8,x 				; get LSBit of 8-11
.e2f7	29 01		and #$01			and 	#1
.e2f9	f0 03		beq $e2fe			beq 	_BFMNoAdd
.e2fb	20 13 e2	jsr $e213			jsr 	BFunc_Add 					; if bit set, add 4 to 0.
.e2fe					_BFMNoAdd:
.e2fe	1e 04 04	asl $0404,x			asl 	evalStack+4,x 				; shift +4 left
.e301	3e 05 04	rol $0405,x			rol 	evalStack+5,x
.e304	3e 06 04	rol $0406,x			rol 	evalStack+6,x
.e307	3e 07 04	rol $0407,x			rol 	evalStack+7,x
.e30a	5e 0b 04	lsr $040b,x			lsr 	evalStack+11,x 				; shift +8 right
.e30d	7e 0a 04	ror $040a,x			ror 	evalStack+10,x
.e310	7e 09 04	ror $0409,x			ror 	evalStack+9,x
.e313	7e 08 04	ror $0408,x			ror 	evalStack+8,x
.e316	bd 08 04	lda $0408,x			lda 	evalStack+8,x 				; continue if +8 is nonzero
.e319	1d 09 04	ora $0409,x			ora 	evalStack+9,x
.e31c	1d 0a 04	ora $040a,x			ora 	evalStack+10,x
.e31f	1d 0b 04	ora $040b,x			ora 	evalStack+11,x
.e322	d0 d0		bne $e2f4			bne 	_BFMMultiply
.e324	60		rts				rts

;******  Return to file: basic.asm


;******  Processing file: binary/divide.asm

.e325					BFUNC_Divide:
.e325	bd 04 04	lda $0404,x			lda 	evalStack+4,x 				; check for /0
.e328	1d 05 04	ora $0405,x			ora 	evalStack+5,x
.e32b	1d 06 04	ora $0406,x			ora 	evalStack+6,x
.e32e	1d 07 04	ora $0407,x			ora 	evalStack+7,x
.e331	d0 13		bne $e346			bne 	_BFDOkay
.e333	20 d5 e5	jsr $e5d5			jsr 	ReportError
>e336	44 69 76 69 73 6f 6e 20				.text 	"Divison by Zero",$00
>e33e	62 79 20 5a 65 72 6f 00
.e346					_BFDOkay:
.e346	a9 00		lda #$00			lda 	#0 							; Temp1 is 'A' (and holds the remainder)
.e348	8d 7a 20	sta $207a			sta 	Temp1 						; Q/Dividend/Left in +0
.e34b	8d 7b 20	sta $207b			sta 	Temp1+1 					; M/Divisor/Right in +4
.e34e	8d 7c 20	sta $207c			sta 	Temp1+2
.e351	8d 7d 20	sta $207d			sta 	Temp1+3
.e354	8d 7e 20	sta $207e			sta 	SignCount 					; Count of signs.
.e357	20 c2 e3	jsr $e3c2			jsr 	BFUNC_Negate 				; negate (and bump sign count)
.e35a	da		phx				phx
.e35b	e8		inx				inx
.e35c	e8		inx				inx
.e35d	e8		inx				inx
.e35e	e8		inx				inx
.e35f	20 c2 e3	jsr $e3c2			jsr 	BFUNC_Negate
.e362	fa		plx				plx
.e363	5a		phy				phy 								; Y is the counter
.e364	a0 20		ldy #$20			ldy 	#32 						; 32 iterations of the loop.
.e366					_BFDLoop:
.e366	1e 00 04	asl $0400,x			asl 	evalStack+0,x 				; shift AQ left.
.e369	3e 01 04	rol $0401,x			rol 	evalStack+1,x
.e36c	3e 02 04	rol $0402,x			rol 	evalStack+2,x
.e36f	3e 03 04	rol $0403,x			rol 	evalStack+3,x
.e372	2e 7a 20	rol $207a			rol 	Temp1
.e375	2e 7b 20	rol $207b			rol 	Temp1+1
.e378	2e 7c 20	rol $207c			rol 	Temp1+2
.e37b	2e 7d 20	rol $207d			rol 	Temp1+3
.e37e	38		sec				sec
.e37f	ad 7a 20	lda $207a			lda 	Temp1+0 					; Calculate A-M on stack.
.e382	fd 04 04	sbc $0404,x			sbc 	evalStack+4,x
.e385	48		pha				pha
.e386	ad 7b 20	lda $207b			lda 	Temp1+1
.e389	fd 05 04	sbc $0405,x			sbc 	evalStack+5,x
.e38c	48		pha				pha
.e38d	ad 7c 20	lda $207c			lda 	Temp1+2
.e390	fd 06 04	sbc $0406,x			sbc 	evalStack+6,x
.e393	48		pha				pha
.e394	ad 7d 20	lda $207d			lda 	Temp1+3
.e397	fd 07 04	sbc $0407,x			sbc 	evalStack+7,x
.e39a	90 19		bcc $e3b5			bcc 	_BFDNoAdd
.e39c	8d 7d 20	sta $207d			sta 	Temp1+3 					; update A
.e39f	68		pla				pla
.e3a0	8d 7c 20	sta $207c			sta 	Temp1+2
.e3a3	68		pla				pla
.e3a4	8d 7b 20	sta $207b			sta 	Temp1+1
.e3a7	68		pla				pla
.e3a8	8d 7a 20	sta $207a			sta 	Temp1+0
.e3ab	bd 00 04	lda $0400,x			lda 	evalStack+0,x 				; set Q bit 1.
.e3ae	09 01		ora #$01			ora 	#1
.e3b0	9d 00 04	sta $0400,x			sta 	evalStack+0,x
.e3b3	80 03		bra $e3b8			bra 	_BFDNext
.e3b5					_BFDNoAdd:
.e3b5	68		pla				pla 								; Throw away the intermediate calculations
.e3b6	68		pla				pla
.e3b7	68		pla				pla
.e3b8					_BFDNext:
.e3b8	88		dey				dey
.e3b9	d0 ab		bne $e366			bne 	_BFDLoop
.e3bb	7a		ply				ply 								; restore Y and exit
.e3bc	4e 7e 20	lsr $207e			lsr 	SignCount 					; if sign count odd,
.e3bf	b0 06		bcs $e3c7			bcs		BFUNC_NegateAlways 			; negate the result
.e3c1	60		rts				rts
.e3c2					BFUNC_Negate:
.e3c2	bd 03 04	lda $0403,x			lda 	evalStack+3,x
.e3c5	10 24		bpl $e3eb			bpl 	BFNExit
.e3c7					BFUNC_NegateAlways:
.e3c7	38		sec				sec
.e3c8	a9 00		lda #$00			lda 	#0
.e3ca	fd 00 04	sbc $0400,x			sbc 	evalStack+0,x
.e3cd	9d 00 04	sta $0400,x			sta 	evalStack+0,x
.e3d0	a9 00		lda #$00			lda 	#0
.e3d2	fd 01 04	sbc $0401,x			sbc 	evalStack+1,x
.e3d5	9d 01 04	sta $0401,x			sta 	evalStack+1,x
.e3d8	a9 00		lda #$00			lda 	#0
.e3da	fd 02 04	sbc $0402,x			sbc 	evalStack+2,x
.e3dd	9d 02 04	sta $0402,x			sta 	evalStack+2,x
.e3e0	a9 00		lda #$00			lda 	#0
.e3e2	fd 03 04	sbc $0403,x			sbc 	evalStack+3,x
.e3e5	9d 03 04	sta $0403,x			sta 	evalStack+3,x
.e3e8	ee 7e 20	inc $207e			inc 	SignCount
.e3eb					BFNExit:
.e3eb	60		rts				rts
.e3ec					BFUNC_Modulus:
.e3ec	20 25 e3	jsr $e325			jsr 	BFUNC_Divide 				; start with division.
.e3ef	ad 7a 20	lda $207a			lda 	Temp1+0 					; copy remainder
.e3f2	9d 00 04	sta $0400,x			sta 	evalStack+0,x
.e3f5	ad 7b 20	lda $207b			lda 	Temp1+1
.e3f8	9d 01 04	sta $0401,x			sta 	evalStack+1,x
.e3fb	ad 7c 20	lda $207c			lda 	Temp1+2
.e3fe	9d 02 04	sta $0402,x			sta 	evalStack+2,x
.e401	ad 7d 20	lda $207d			lda 	Temp1+3
.e404	9d 03 04	sta $0403,x			sta 	evalStack+3,x
.e407	60		rts				rts

;******  Return to file: basic.asm


;******  Processing file: binary/compare.asm

.e408					BFUNC_Equals:
.e408	18		clc				clc
.e409	80 01		bra $e40c			bra 	BFUNC_EqualCheck
.e40b					BFUNC_NotEquals:
.e40b	38		sec				sec
.e40c					BFUNC_EqualCheck:
.e40c	08		php				php									; save invert flag
.e40d	ad 00 04	lda $0400			lda 	evalStack+0 				; check equality
.e410	cd 04 04	cmp $0404			cmp 	evalStack+4
.e413	d0 1c		bne $e431			bne 	COMP_Fail
.e415	ad 01 04	lda $0401			lda 	evalStack+1
.e418	cd 05 04	cmp $0405			cmp 	evalStack+5
.e41b	d0 14		bne $e431			bne 	COMP_Fail
.e41d	ad 02 04	lda $0402			lda 	evalStack+2
.e420	cd 06 04	cmp $0406			cmp 	evalStack+6
.e423	d0 0c		bne $e431			bne 	COMP_Fail
.e425	ad 03 04	lda $0403			lda 	evalStack+3
.e428	cd 07 04	cmp $0407			cmp 	evalStack+7
.e42b	d0 04		bne $e431			bne 	COMP_Fail
.e42d					COMP_Succeed:
.e42d	a9 ff		lda #$ff			lda 	#$FF
.e42f	80 02		bra $e433			bra 	COMP_SetResult
.e431					COMP_Fail:
.e431	a9 00		lda #$00			lda 	#0 							; here return 0
.e433					COMP_SetResult:
.e433	28		plp				plp 								; but if CS
.e434	90 02		bcc $e438			bcc 	COMP_Accept
.e436	49 ff		eor #$ff			eor 	#$FF 						; invert that
.e438					COMP_Accept:
.e438	9d 00 04	sta $0400,x			sta 	evalStack+0,x 				; write to result.
.e43b	9d 01 04	sta $0401,x			sta 	evalStack+1,x
.e43e	9d 02 04	sta $0402,x			sta 	evalStack+2,x
.e441	9d 03 04	sta $0403,x			sta 	evalStack+3,x
.e444	60		rts				rts
.e445					BFUNC_Less:
.e445	18		clc				clc
.e446	80 01		bra $e449			bra 	BFUNC_LessCheck
.e448					BFUNC_GreaterEqual:
.e448	38		sec				sec
.e449					BFUNC_LessCheck:
.e449	08		php				php
.e44a	38		sec				sec
.e44b	ad 00 04	lda $0400			lda 	evalStack+0 				; compare using direct subtraction
.e44e	ed 04 04	sbc $0404			sbc 	evalStack+4
.e451	ad 01 04	lda $0401			lda 	evalStack+1
.e454	ed 05 04	sbc $0405			sbc 	evalStack+5
.e457	ad 02 04	lda $0402			lda 	evalStack+2
.e45a	ed 06 04	sbc $0406			sbc 	evalStack+6
.e45d	ad 03 04	lda $0403			lda 	evalStack+3
.e460	ed 07 04	sbc $0407			sbc 	evalStack+7
.e463	30 c8		bmi $e42d			bmi 	COMP_Succeed
.e465	80 ca		bra $e431			bra 	COMP_Fail
.e467					BFUNC_Greater:
.e467	18		clc				clc
.e468	80 01		bra $e46b			bra 	BFUNC_GreaterCheck
.e46a					BFUNC_LessEqual:
.e46a	38		sec				sec
.e46b					BFUNC_GreaterCheck:
.e46b	08		php				php
.e46c	38		sec				sec
.e46d	ad 04 04	lda $0404			lda 	evalStack+4 				; compare using direct subtraction
.e470	ed 00 04	sbc $0400			sbc 	evalStack+0
.e473	ad 05 04	lda $0405			lda 	evalStack+5
.e476	ed 01 04	sbc $0401			sbc 	evalStack+1
.e479	ad 06 04	lda $0406			lda 	evalStack+6
.e47c	ed 02 04	sbc $0402			sbc 	evalStack+2
.e47f	ad 07 04	lda $0407			lda 	evalStack+7
.e482	ed 03 04	sbc $0403			sbc 	evalStack+3
.e485	30 a6		bmi $e42d			bmi 	COMP_Succeed
.e487	80 a8		bra $e431			bra 	COMP_Fail

;******  Return to file: basic.asm


;******  Processing file: binary/scompare.asm

.e489					BFUNC_StringCompare:
.e489	bd 00 04	lda $0400,x			lda 	evalStack+0,x 				; get address into temporaries.
.e48c	85 26		sta $26				sta 	zTemp1
.e48e	bd 01 04	lda $0401,x			lda 	evalStack+1,x
.e491	85 27		sta $27				sta 	zTemp1+1
.e493	bd 04 04	lda $0404,x			lda 	evalStack+4,x
.e496	85 28		sta $28				sta 	zTemp2
.e498	bd 05 04	lda $0405,x			lda 	evalStack+5,x
.e49b	85 29		sta $29				sta 	zTemp2+1
.e49d	a0 00		ldy #$00			ldy 	#0
.e49f					_BFSCLoop:
.e49f	b1 26		lda ($26),y			lda 	(zTemp1),y 					; comparison
.e4a1	38		sec				sec
.e4a2	d1 28		cmp ($28),y			cmp 	(zTemp2),y
.e4a4	d0 14		bne $e4ba			bne		_BFSCDifferent 				; return different result.
.e4a6	c8		iny				iny
.e4a7	c9 00		cmp #$00			cmp 	#0							; until both EOS.
.e4a9	d0 f4		bne $e49f			bne 	_BFSCLoop
.e4ab	a9 00		lda #$00			lda 	#0
.e4ad					_BFSCSetAll:
.e4ad	9d 00 04	sta $0400,x			sta 	evalStack+0,x
.e4b0	9d 01 04	sta $0401,x			sta 	evalStack+1,x
.e4b3	9d 02 04	sta $0402,x			sta 	evalStack+2,x
.e4b6	9d 03 04	sta $0403,x			sta 	evalStack+3,x
.e4b9	60		rts				rts
.e4ba					_BFSCDifferent:
.e4ba	a9 ff		lda #$ff			lda 	#255 						; if CC set all as <
.e4bc	90 ef		bcc $e4ad			bcc 	_BFSCSetAll
.e4be	a9 00		lda #$00			lda 	#0 							; set all zero
.e4c0	20 ad e4	jsr $e4ad			jsr 	_BFSCSetAll
.e4c3	fe 00 04	inc $0400,x			inc 	evalStack+0,x 				; and make it one.
.e4c6	60		rts				rts

;******  Return to file: basic.asm


;******  Processing file: commands/execute.asm

.e4c7					COMMAND_Run:
.e4c7	20 56 e5	jsr $e556			jsr 	COMMAND_Clear 				; clear everything for a new run.
.e4ca	a2 00		ldx #$00			ldx 	#BasicProgram & 255 		; start from here
.e4cc	a0 21		ldy #$21			ldy 	#BasicProgram >> 8
.e4ce	86 20		stx $20				stx 	zCurrentLine 				; set current line.
.e4d0	84 21		sty $21				sty 	zCurrentLine+1
.e4d2					CRUNNewLine:
.e4d2	a0 00		ldy #$00			ldy 	#0 							; look at the offset, end of program
.e4d4	b1 20		lda ($20),y			lda 	(zCurrentLine),y
.e4d6	f0 39		beq $e511			beq 	COMMAND_End 				; if zero, off end of program so stop.
.e4d8	a0 03		ldy #$03			ldy 	#3 							; offset to first token.
.e4da					CRUNNextInstruction:
.e4da	b1 20		lda ($20),y			lda 	(zCurrentLine),y 			; get next token
.e4dc	f0 07		beq $e4e5			beq 	CRUNNextLine 				; if zero, then end of line.
.e4de					CRUNNotEndOfLine:
.e4de	c9 8d		cmp #$8d			cmp 	#KW_Colon 					; check for a colon first.
.e4e0	d0 12		bne $e4f4			bne 	CRUNExecuteOne 				; if not that, execute the token.
.e4e2	c8		iny				iny		 							; if colon, skip it and loop round.
.e4e3	80 f5		bra $e4da			bra 	CRUNNextInstruction
.e4e5					CRUNNextLine:
.e4e5	a0 00		ldy #$00			ldy 	#0 							; add offset from line to line pointer
.e4e7	b1 20		lda ($20),y			lda 	(zCurrentLine),y
.e4e9	18		clc				clc
.e4ea	65 20		adc $20				adc 	zCurrentLine
.e4ec	85 20		sta $20				sta 	zCurrentLine
.e4ee	90 e2		bcc $e4d2			bcc 	CRUNNewLine
.e4f0	e6 21		inc $21				inc 	zCurrentLine+1
.e4f2	80 de		bra $e4d2			bra 	CRUNNewLine
.e4f4					CRUNExecuteOne:
.e4f4	c8		iny				iny 								; skip over loaded token
.e4f5	0a		asl a				asl 	a 							; double lower keyword byte, clears bit 7.
.e4f6	8d 7b 20	sta $207b			sta 	Temp1+1 					; this is the low byte into the KVT
.e4f9	8a		txa				txa
.e4fa	a9 e0		lda #$e0			lda 	#KeywordVectorTable >> 8 	; set high byte of KVT
.e4fc	8d 7c 20	sta $207c			sta 	Temp1+2
.e4ff	a9 6c		lda #$6c			lda 	#$6C 						; make it jump indirect
.e501	8d 7a 20	sta $207a			sta 	Temp1+0
.e504	20 7a 20	jsr $207a			jsr 	Temp1 						; call instruction
.e507	80 d1		bra $e4da			bra 	CRUNNextInstruction 		; do next instruction.
.e509					COMMAND_Stop:
.e509	20 d5 e5	jsr $e5d5			jsr 	ReportError
>e50c	53 74 6f 70 00					.text 	"Stop",$00
.e511					COMMAND_End:
>e511	02						.byte 	2
.e512	4c ca e5	jmp $e5ca			jmp 	WarmStart

;******  Return to file: basic.asm


;******  Processing file: commands/miscellany.asm

.e515					COMMAND_Assert:
.e515	ea		nop				nop
.e516	20 2b e1	jsr $e12b			jsr 	EvaluateBase 				; evaluate the expression
.e519	bd 00 04	lda $0400,x			lda 	evalStack+0,x 				; check non zero
.e51c	1d 01 04	ora $0401,x			ora 	evalStack+1,x
.e51f	1d 02 04	ora $0402,x			ora 	evalStack+2,x
.e522	1d 03 04	ora $0403,x			ora 	evalStack+3,x
.e525	d0 11		bne $e538			bne 	_CMDAExit
.e527	20 d5 e5	jsr $e5d5			jsr 	ReportError
>e52a	41 73 73 65 72 74 20 66				.text 	"Assert failed",$00
>e532	61 69 6c 65 64 00
.e538					_CMDAExit:
.e538	60		rts				rts
.e539					COMMAND_Rem:
.e539	b1 20		lda ($20),y			lda 	(zCurrentLine),y 			; get next character token.
.e53b	f0 05		beq $e542			beq 	_CREMExit 					; End of line, then exit.
.e53d	c8		iny				iny 								; something to skip
.e53e	c9 8d		cmp #$8d			cmp 	#KW_COLON 					; if not a colon
.e540	d0 f7		bne $e539			bne 	COMMAND_Rem 				; keep searching
.e542					_CREMExit:
.e542	60		rts				rts
.e543					COMMAND_New:
.e543	a9 00		lda #$00			lda 	#0 							; erase the actual program.
.e545	8d 00 21	sta $2100			sta 	BasicProgram 				; by zeroing the initial offset.
.e548	20 56 e5	jsr $e556			jsr 	COMMAND_Clear 				; clear non fixed variable, reset stack and low mem pointer
.e54b	a9 00		lda #$00			lda 	#endMemory & $FF 			; reset high memory pointer.
.e54d	8d 78 20	sta $2078			sta 	HighMemory
.e550	a9 40		lda #$40			lda 	#endMemory >> 8
.e552	8d 79 20	sta $2079			sta 	HighMemory+1
.e555	60		rts				rts
.e556					COMMAND_Clear:
.e556	a2 0f		ldx #$0f			ldx 	#hashTableSize*2-1 			; clear the hash table to all zeros.
.e558					_CCClearHash:
.e558	a9 00		lda #$00			lda 	#$00
.e55a	9d 68 20	sta $2068,x			sta 	HashTable,x
.e55d	ca		dex				dex
.e55e	10 f8		bpl $e558			bpl 	_CCClearHash
.e560	a9 00		lda #$00			lda 	#basicStack & $FF 			; reset BASIC stack
.e562	85 22		sta $22				sta 	zBasicStack
.e564	a9 02		lda #$02			lda 	#basicStack >> 8
.e566	85 23		sta $23				sta 	zBasicStack+1
.e568	a9 00		lda #$00			lda 	#BasicProgram & $FF 		; now find where the program ends.
.e56a	85 24		sta $24				sta 	zLowMemory
.e56c	a9 21		lda #$21			lda 	#BasicProgram >> 8
.e56e	85 25		sta $25				sta 	zLowMemory+1
.e570					_CCFindEnd:
.e570	a0 00		ldy #$00			ldy 	#0 							; look at next offset
.e572	b1 24		lda ($24),y			lda 	(zLowMemory),y 				; if zero, reached the end.
.e574	f0 0b		beq $e581			beq 	_CCFoundEnd
.e576	18		clc				clc 								; go to next line.
.e577	65 24		adc $24				adc 	zLowMemory
.e579	85 24		sta $24				sta 	zLowMemory
.e57b	90 f3		bcc $e570			bcc 	_CCFindEnd
.e57d	e6 25		inc $25				inc 	zLowMemory+1
.e57f	80 ef		bra $e570			bra 	_CCFindEnd
.e581					_CCFoundEnd:
.e581	e6 24		inc $24				inc 	zLowMemory 					; variables etc. start after end of program.
.e583	d0 02		bne $e587			bne 	_CCNoCarry 					; skip over zero end offset.
.e585	e6 25		inc $25				inc 	zLowMemory+1
.e587					_CCNoCarry:
.e587	60		rts				rts
.e588					COMMAND_Old:
.e588	a9 00		lda #$00			lda 	#BasicProgram & $FF 		; point zLowMemory to the first line.
.e58a	85 24		sta $24				sta 	zLowMemory
.e58c	a9 21		lda #$21			lda 	#BasicProgram >> 8
.e58e	85 25		sta $25				sta 	zLowMemory+1
.e590	a0 03		ldy #$03			ldy 	#3 							; look for the $00 end of line marker.
.e592					_COScan:
.e592	b1 24		lda ($24),y			lda 	(zLowMemory),y 				; look at next byte pair
.e594	c8		iny				iny
.e595	f0 0d		beq $e5a4			beq 	_COFail 					; can't find marker, corrupted maybe ?
.e597	c9 00		cmp #$00			cmp 	#0 							; until $00 found.
.e599	d0 f7		bne $e592			bne 	_COScan
.e59b	98		tya				tya 								; Y is the new offset to the next instruction
.e59c	a0 00		ldy #$00			ldy 	#0 							; overwrite the old one
.e59e	91 24		sta ($24),y			sta 	(zLowMemory),y
.e5a0	20 56 e5	jsr $e556			jsr 	COMMAND_Clear 				; reset variables, stacks and pointers.
.e5a3	60		rts				rts
.e5a4					_COFail:
.e5a4	20 d5 e5	jsr $e5d5			jsr 	ReportError
>e5a7	43 61 6e 6e 6f 74 20 72				.text 	"Cannot recover program",$00
>e5af	65 63 6f 76 65 72 20 70 72 6f 67 72 61 6d 00

;******  Return to file: basic.asm

.e5be					Start:
.e5be	20 7f a0	jsr $a07f			jsr 	IOInitialise 				; set up porting stuff.
.e5c1	a2 ff		ldx #$ff		ldx 	#$FF 							; reset 6502 stack.
.e5c3	9a		txs			txs
.e5c4	20 43 e5	jsr $e543			jsr 	COMMAND_New 				; do a new
.e5c7	20 88 e5	jsr $e588			jsr 	COMMAND_Old 				; get back the old program as we're deving.
.e5ca					WarmStart:
.e5ca	a2 ff		ldx #$ff		ldx 	#$FF 							; reset 6502 stack.
.e5cc	9a		txs			txs
.e5cd	4c c7 e4	jmp $e4c7			jmp 	COMMAND_Run 				; RUN current program.
.e5d0					SyntaxError:
.e5d0	a9 01		lda #$01			lda 	#1
.e5d2	ea		nop				nop
.e5d3	80 fb		bra $e5d0			bra 	SyntaxError
.e5d5					ReportError:
.e5d5	a9 02		lda #$02			lda 	#2
.e5d7	ea		nop				nop
.e5d8	80 fb		bra $e5d5			bra 	ReportError

;******  Processing file: include/basic_generated.inc

>2100	08 01 00 97 20 34 32 00			.byte $08,$01,$00,$97,$20,$34,$32,$00,$00
>2108	00

;******  Return to file: basic.asm


;******  End of listing
