
; 64tass Turbo Assembler Macro V1.54.1900 listing file
; 64tass -q -c -D TARGET=2 -b -L rom.lst -o rom.bin basic.asm
; Sat Jul 27 15:58:59 2019

;Offset	;Hex		;Monitor	;Source

;******  Command line definitions

=2					TARGET=2

;******  Processing input file: basic.asm


;******  Processing file: porting.asm

.fff8					EXTDummyInterrupt:
.fff8	40		rti				rti
>fffa	f8 ff						.word 	EXTDummyInterrupt
>fffc	e2 e7						.word 	Start
>fffe	f8 ff						.word 	EXTDummyInterrupt
=4					EXTZPWork = 4								; Zero Page work for Personality (4 bytes)
=8					IOCursorX = 8 								; Cursor position
=9					IOCursorY = 9
=$20							zeroPage 	= $20 					; first ZP byte to use
=$2000							startMemory = $2000 				; first non ZP byte to use
=$8000							endMemory   = $8000 				; last non ZP byte to use
=$200							basicStack  = $200 					; stack for BASIC
=$400							evalStack   = $400 					; stack for evaluation of expressions

;******  Processing file: personalities/personality_6502.asm

>0000	00					.byte 	0
=40					EXTWidth = 40 								; screen width
=25					EXTHeight = 25 								; screen height
=$0800					EXTLowMemory = $0800 						; Workspace RAM starts here
=$6000					EXTHighMemory = $6000 						; Workspace RAM ends here
=$b000					PScreen = $B000								; 1k screen RAM here
=$b800					PKeyboard = $B800							; Keyboard port.
.a000					EXTStartPersonalise:
.a000	a2 ff		ldx #$ff		ldx 	#$FF 							; reset 6502 stack.
.a002	9a		txs			txs
.a003	20 7e a0	jsr $a07e		jsr 	EXTReset 						; reset video
.a006	20 34 a0	jsr $a034		jsr 	EXTClearScreen 					; clear screen
.a009	4c e2 e7	jmp $e7e2		jmp 	Start 							; start main application
.a00c					EXTReadKey:
.a00c	ad 00 b8	lda $b800		lda 	PKeyboard							; read key
.a00f	d0 01		bne $a012		bne 	EXTClearBuffer
.a011	60		rts			rts
.a012					EXTClearBuffer:
.a012	48		pha			pha 										; key pressed clear queue byte.
.a013	a9 00		lda #$00		lda 	#0
.a015	8d 00 b8	sta $b800		sta 	PKeyboard
.a018	68		pla			pla
.a019	60		rts			rts
.a01a					EXTReadScreen:
.a01a	5a		phy			phy 										; save Y
.a01b	86 04		stx $04			stx 	EXTZPWork							; into EXTZPWork
.a01d	98		tya			tya
.a01e	09 b0		ora #$b0		ora 	#PScreen>>8 						; move into screen area
.a020	85 05		sta $05			sta 	EXTZPWork+1 						; read character there
.a022	a0 00		ldy #$00		ldy 	#0
.a024	b1 04		lda ($04),y		lda 	(EXTZPWork),y
.a026	7a		ply			ply 										; restore Y and exit.
.a027	60		rts			rts
.a028					EXTWriteScreen:
.a028	5a		phy			phy
.a029	48		pha			pha
.a02a	20 1a a0	jsr $a01a		jsr		EXTReadScreen 						; set up the address into EXTZPWork
.a02d	a0 00		ldy #$00		ldy 	#0
.a02f	68		pla			pla 										; restore and write.
.a030	91 04		sta ($04),y		sta 	(EXTZPWork),y
.a032	7a		ply			ply
.a033	60		rts			rts
.a034					EXTClearScreen:
.a034	48		pha			pha 										; save registers
.a035	da		phx			phx
.a036	a2 00		ldx #$00		ldx 	#0
.a038					_EXTCSLoop:
.a038	a9 20		lda #$20		lda 	#32
.a03a	9d 00 b0	sta $b000,x		sta 	PScreen+0,x
.a03d	9d 00 b1	sta $b100,x		sta 	PScreen+$100,x
.a040	9d 00 b2	sta $b200,x		sta 	PScreen+$200,x
.a043	9d 00 b3	sta $b300,x		sta 	PScreen+$300,x
.a046	e8		inx			inx
.a047	d0 ef		bne $a038		bne 	_EXTCSLoop
.a049	fa		plx			plx 										; restore
.a04a	68		pla			pla
.a04b	60		rts			rts
.a04c					EXTScrollDisplay:
.a04c	48		pha			pha 										; save registers
.a04d	5a		phy			phy
.a04e	a9 00		lda #$00		lda 	#PScreen & $FF 					; set pointer to screen
.a050	85 04		sta $04			sta 	EXTZPWork+0
.a052	a9 b0		lda #$b0		lda 	#PScreen >> 8
.a054	85 05		sta $05			sta 	EXTZPWork+1
.a056					_EXTScroll:
.a056	a0 28		ldy #$28		ldy 	#EXTWidth
.a058	b1 04		lda ($04),y		lda 	(EXTZPWork),y
.a05a	a0 00		ldy #$00		ldy 	#0
.a05c	91 04		sta ($04),y		sta 	(EXTZPWork),y
.a05e	e6 04		inc $04			inc 	EXTZPWork 							; bump address
.a060	d0 02		bne $a064		bne 	_EXTNoCarry
.a062	e6 05		inc $05			inc 	EXTZPWork+1
.a064					_EXTNoCarry:
.a064	a5 04		lda $04			lda 	EXTZPWork 							; done ?
.a066	c9 c0		cmp #$c0		cmp	 	#(PScreen+EXTWidth*(EXTHeight-1)) & $FF
.a068	d0 ec		bne $a056		bne 	_EXTScroll
.a06a	a5 05		lda $05			lda 	EXTZPWork+1
.a06c	c9 b3		cmp #$b3		cmp	 	#(PScreen+EXTWidth*(EXTHeight-1)) >> 8
.a06e	d0 e6		bne $a056		bne 	_EXTScroll
.a070	a0 00		ldy #$00		ldy 	#0									; clear bottom line.
.a072					_EXTLastLine:
.a072	a9 20		lda #$20		lda 	#32
.a074	91 04		sta ($04),y		sta 	(EXTZPWork),y
.a076	c8		iny			iny
.a077	c0 28		cpy #$28		cpy 	#EXTWidth
.a079	d0 f7		bne $a072		bne 	_EXTLastLine
.a07b	7a		ply			ply 										; restore and exit.
.a07c	68		pla			pla
.a07d	60		rts			rts
.a07e					EXTReset:
.a07e	60		rts			rts

;******  Return to file: porting.asm


;******  Processing file: personalities/personality_io.asm

.a07f					IOInitialise:
.a07f	20 7e a0	jsr $a07e			jsr 	EXTReset 					; reset display.
.a082	20 34 a0	jsr $a034			jsr 	EXTClearScreen 				; clear screen.
.a085	48		pha				pha
.a086	a9 00		lda #$00			lda 	#00 						; home cursor
.a088	85 08		sta $08				sta 	IOCursorX
.a08a	85 09		sta $09				sta 	IOCursorY
.a08c	68		pla				pla
.a08d	60		rts				rts
.a08e					IOPrintChar:
.a08e	48		pha				pha 								; save registers
.a08f	da		phx				phx
.a090	5a		phy				phy
.a091	29 7f		and #$7f			and 	#$7F 						; bits 0-6 only
.a093	20 e1 a0	jsr $a0e1			jsr 	IOUpperCase 				; convert to upper case.
.a096	c9 0d		cmp #$0d			cmp 	#13 						; new line ?
.a098	f0 16		beq $a0b0			beq 	_IOPCNewLine
.a09a	c9 20		cmp #$20			cmp 	#32 						; not printable.
.a09c	90 23		bcc $a0c1			bcc 	_IOPCExit
.a09e	48		pha				pha 								; print at cursor
.a09f	20 ed a0	jsr $a0ed			jsr 	IOGetCursorXY
.a0a2	68		pla				pla
.a0a3	29 3f		and #$3f			and 	#$3F 						; 6 Bit ASCII
.a0a5	20 28 a0	jsr $a028			jsr 	EXTWriteScreen
.a0a8	e6 08		inc $08				inc 	IOCursorX 					; move left.
.a0aa	a5 08		lda $08				lda 	IOCursorX
.a0ac	c9 28		cmp #$28			cmp		#EXTWidth 					; will be zero if at RHS
.a0ae	d0 11		bne $a0c1			bne 	_IOPCExit 					; exit otherwise
.a0b0					_IOPCNewLine:
.a0b0	a9 00		lda #$00			lda 	#0 							; go down and to lhs
.a0b2	85 08		sta $08				sta 	IOCursorX
.a0b4	e6 09		inc $09				inc 	IOCursorY
.a0b6	a5 09		lda $09				lda 	IOCursorY 					; off bottom
.a0b8	c9 19		cmp #$19			cmp 	#EXTHeight
.a0ba	90 05		bcc $a0c1			bcc 	_IOPCExit
.a0bc	20 4c a0	jsr $a04c			jsr 	EXTScrollDisplay 			; scroll
.a0bf	c6 09		dec $09				dec 	IOCursorY 					; fix up.
.a0c1					_IOPCExit:
.a0c1	7a		ply				ply
.a0c2	fa		plx				plx
.a0c3	68		pla				pla
.a0c4	60		rts				rts
.a0c5					IOReadKey:
.a0c5	da		phx				phx 								; save XY
.a0c6	5a		phy				phy
.a0c7	20 ed a0	jsr $a0ed			jsr 	IOGetCursorXY 				; show prompt
.a0ca	a9 1d		lda #$1d			lda 	#$1D
.a0cc	20 28 a0	jsr $a028			jsr  	EXTWriteScreen
.a0cf					_IORKWait:
.a0cf	20 0c a0	jsr $a00c			jsr 	EXTReadKey
.a0d2	f0 fb		beq $a0cf			beq 	_IORKWait
.a0d4	48		pha				pha 								; clear prompt
.a0d5	20 ed a0	jsr $a0ed			jsr 	IOGetCursorXY
.a0d8	a9 20		lda #$20			lda 	#" "
.a0da	20 28 a0	jsr $a028			jsr  	EXTWriteScreen
.a0dd	68		pla				pla
.a0de	7a		ply				ply 								; restore and exit.
.a0df	fa		plx				plx
.a0e0	60		rts				rts
.a0e1					IOUpperCase:
.a0e1	c9 61		cmp #$61			cmp 	#"a"
.a0e3	90 07		bcc $a0ec			bcc 	_IOUCExit
.a0e5	c9 7b		cmp #$7b			cmp 	#"z"+1
.a0e7	b0 03		bcs $a0ec			bcs 	_IOUCExit
.a0e9	38		sec				sec
.a0ea	e9 20		sbc #$20			sbc 	#32
.a0ec					_IOUCExit:
.a0ec	60		rts				rts
.a0ed					IOGetCursorXY:
.a0ed	48		pha				pha
.a0ee	a5 09		lda $09				lda 	IOCursorY 					; multiply IOCursorY x 5
.a0f0	0a		asl a				asl		a
.a0f1	0a		asl a				asl		a 							; x 4, carry clear
.a0f2	65 09		adc $09				adc 	IOCursorY 					; so this will be 0..199 now
.a0f4	aa		tax				tax
.a0f5	8a		txa				txa 								; x 10
.a0f6	0a		asl a				asl 	a
.a0f7	aa		tax				tax
.a0f8	a9 00		lda #$00			lda 	#0
.a0fa	2a		rol a				rol 	a
.a0fb	a8		tay				tay
.a0fc	8a		txa				txa 								; x 20
.a0fd	0a		asl a				asl 	a
.a0fe	aa		tax				tax
.a0ff	98		tya				tya
.a100	2a		rol a				rol 	a
.a101	a8		tay				tay
.a102	8a		txa				txa 								; x 40
.a103	0a		asl a				asl 	a
.a104	aa		tax				tax
.a105	98		tya				tya
.a106	2a		rol a				rol 	a
.a107	a8		tay				tay
.a108	8a		txa				txa 								; add X to that.
.a109	18		clc				clc
.a10a	65 08		adc $08				adc 	IOCursorX
.a10c	aa		tax				tax
.a10d	90 01		bcc $a110			bcc 	_IOGCXYExit
.a10f	c8		iny				iny
.a110					_IOGCXYExit:
.a110	68		pla				pla
.a111	60		rts				rts

;******  Return to file: porting.asm


;******  Return to file: basic.asm


;******  Processing file: include/tokens.inc

.e000					KeywordVectorTable:
>e000	c3 e3					.word	BFUNC_WordInd                 ; "!"        ($0080)
>e002	f4 e7					.word	SyntaxError                   ; """        ($0081)
>e004	f4 e7					.word	SyntaxError                   ; "#"        ($0082)
>e006	b8 e3					.word	BFUNC_String                  ; "$"        ($0083)
>e008	57 e5					.word	BFUNC_Modulus                 ; "%"        ($0084)
>e00a	ca e3					.word	BFUNC_And                     ; "&"        ($0085)
>e00c	f4 e7					.word	SyntaxError                   ; "'"        ($0086)
>e00e	f4 e7					.word	SyntaxError                   ; "("        ($0087)
>e010	f4 e7					.word	SyntaxError                   ; ")"        ($0088)
>e012	39 e4					.word	BFUNC_Multiply                ; "*"        ($0089)
>e014	6c e3					.word	BFUNC_Add                     ; "+"        ($008a)
>e016	92 e3					.word	BFUNC_Subtract                ; "-"        ($008b)
>e018	90 e4					.word	BFUNC_Divide                  ; "/"        ($008c)
>e01a	f4 e7					.word	SyntaxError                   ; ":"        ($008d)
>e01c	f4 e7					.word	SyntaxError                   ; ";"        ($008e)
>e01e	d5 e5					.word	BFUNC_LessEqual               ; "<="       ($008f)
>e020	76 e5					.word	BFUNC_NotEquals               ; "<>"       ($0090)
>e022	b0 e5					.word	BFUNC_Less                    ; "<"        ($0091)
>e024	73 e5					.word	BFUNC_Equals                  ; "="        ($0092)
>e026	b3 e5					.word	BFUNC_GreaterEqual            ; ">="       ($0093)
>e028	d2 e5					.word	BFUNC_Greater                 ; ">"        ($0094)
>e02a	bc e3					.word	BFUNC_ByteInd                 ; "?"        ($0095)
>e02c	14 e4					.word	BFUNC_Xor                     ; "^"        ($0096)
>e02e	36 e7					.word	COMMAND_Assert                ; "assert"   ($0097)
>e030	89 e6					.word	UNARY_Abs                     ; "abs"      ($0098)
>e032	78 e7					.word	COMMAND_Clear                 ; "clear"    ($0099)
>e034	74 e6					.word	UNARY_Ch                      ; "ch"       ($009a)
>e036	f4 e7					.word	SyntaxError                   ; "do"       ($009b)
>e038	32 e7					.word	COMMAND_End                   ; "end"      ($009c)
>e03a	f4 e7					.word	SyntaxError                   ; "for"      ($009d)
>e03c	f4 e7					.word	SyntaxError                   ; "gosub"    ($009e)
>e03e	f4 e7					.word	SyntaxError                   ; "goto"     ($009f)
>e040	f4 e7					.word	SyntaxError                   ; "input"    ($00a0)
>e042	f4 e7					.word	SyntaxError                   ; "if"       ($00a1)
>e044	f4 e7					.word	SyntaxError                   ; "list"     ($00a2)
>e046	f4 e7					.word	SyntaxError                   ; "loop"     ($00a3)
>e048	f4 e7					.word	SyntaxError                   ; "link"     ($00a4)
>e04a	f4 e7					.word	SyntaxError                   ; "let"      ($00a5)
>e04c	32 e6					.word	UNARY_Len                     ; "len"      ($00a6)
>e04e	f4 e7					.word	SyntaxError                   ; "next"     ($00a7)
>e050	65 e7					.word	COMMAND_New                   ; "new"      ($00a8)
>e052	ac e7					.word	COMMAND_Old                   ; "old"      ($00a9)
>e054	f4 e7					.word	SyntaxError                   ; "print"    ($00aa)
>e056	5b e7					.word	COMMAND_Rem                   ; "rem"      ($00ab)
>e058	a6 e6					.word	UNARY_Rnd                     ; "rnd"      ($00ac)
>e05a	2a e7					.word	COMMAND_Stop                  ; "stop"     ($00ad)
>e05c	f4 e7					.word	SyntaxError                   ; "step"     ($00ae)
>e05e	f4 e7					.word	SyntaxError                   ; "then"     ($00af)
>e060	91 e6					.word	UNARY_Top                     ; "top"      ($00b0)
>e062	f4 e7					.word	SyntaxError                   ; "to"       ($00b1)
>e064	ef e3					.word	BFUNC_Or                      ; "|"        ($00b2)
>e066	f4 e5					.word	BFUNC_StringCompare           ; "~"        ($00b3)
.e068					TokenText:
>e068	a1					.byte $a1                             ; $0080 !
>e069	a2					.byte $a2                             ; $0081 "
>e06a	a3					.byte $a3                             ; $0082 #
>e06b	a4					.byte $a4                             ; $0083 $
>e06c	a5					.byte $a5                             ; $0084 %
>e06d	a6					.byte $a6                             ; $0085 &
>e06e	a7					.byte $a7                             ; $0086 '
>e06f	a8					.byte $a8                             ; $0087 (
>e070	a9					.byte $a9                             ; $0088 )
>e071	aa					.byte $aa                             ; $0089 *
>e072	ab					.byte $ab                             ; $008a +
>e073	ad					.byte $ad                             ; $008b -
>e074	af					.byte $af                             ; $008c /
>e075	ba					.byte $ba                             ; $008d :
>e076	bb					.byte $bb                             ; $008e ;
>e077	3c bd					.byte $3c,$bd                         ; $008f <=
>e079	3c be					.byte $3c,$be                         ; $0090 <>
>e07b	bc					.byte $bc                             ; $0091 <
>e07c	bd					.byte $bd                             ; $0092 =
>e07d	3e bd					.byte $3e,$bd                         ; $0093 >=
>e07f	be					.byte $be                             ; $0094 >
>e080	bf					.byte $bf                             ; $0095 ?
>e081	de					.byte $de                             ; $0096 ^
>e082	61 73 73 65 72 f4			.byte $61,$73,$73,$65,$72,$f4         ; $0097 assert
>e088	61 62 f3				.byte $61,$62,$f3                     ; $0098 abs
>e08b	63 6c 65 61 f2				.byte $63,$6c,$65,$61,$f2             ; $0099 clear
>e090	63 e8					.byte $63,$e8                         ; $009a ch
>e092	64 ef					.byte $64,$ef                         ; $009b do
>e094	65 6e e4				.byte $65,$6e,$e4                     ; $009c end
>e097	66 6f f2				.byte $66,$6f,$f2                     ; $009d for
>e09a	67 6f 73 75 e2				.byte $67,$6f,$73,$75,$e2             ; $009e gosub
>e09f	67 6f 74 ef				.byte $67,$6f,$74,$ef                 ; $009f goto
>e0a3	69 6e 70 75 f4				.byte $69,$6e,$70,$75,$f4             ; $00a0 input
>e0a8	69 e6					.byte $69,$e6                         ; $00a1 if
>e0aa	6c 69 73 f4				.byte $6c,$69,$73,$f4                 ; $00a2 list
>e0ae	6c 6f 6f f0				.byte $6c,$6f,$6f,$f0                 ; $00a3 loop
>e0b2	6c 69 6e eb				.byte $6c,$69,$6e,$eb                 ; $00a4 link
>e0b6	6c 65 f4				.byte $6c,$65,$f4                     ; $00a5 let
>e0b9	6c 65 ee				.byte $6c,$65,$ee                     ; $00a6 len
>e0bc	6e 65 78 f4				.byte $6e,$65,$78,$f4                 ; $00a7 next
>e0c0	6e 65 f7				.byte $6e,$65,$f7                     ; $00a8 new
>e0c3	6f 6c e4				.byte $6f,$6c,$e4                     ; $00a9 old
>e0c6	70 72 69 6e f4				.byte $70,$72,$69,$6e,$f4             ; $00aa print
>e0cb	72 65 ed				.byte $72,$65,$ed                     ; $00ab rem
>e0ce	72 6e e4				.byte $72,$6e,$e4                     ; $00ac rnd
>e0d1	73 74 6f f0				.byte $73,$74,$6f,$f0                 ; $00ad stop
>e0d5	73 74 65 f0				.byte $73,$74,$65,$f0                 ; $00ae step
>e0d9	74 68 65 ee				.byte $74,$68,$65,$ee                 ; $00af then
>e0dd	74 6f f0				.byte $74,$6f,$f0                     ; $00b0 top
>e0e0	74 ef					.byte $74,$ef                         ; $00b1 to
>e0e2	fc					.byte $fc                             ; $00b2 |
>e0e3	fe					.byte $fe                             ; $00b3 ~
>e0e4	00					.byte $00
.e0e5					TokenTypeInformation:
>e0e5	04					.byte $04                             ; $0080 !
>e0e6	0a					.byte $0a                             ; $0081 "
>e0e7	0a					.byte $0a                             ; $0082 #
>e0e8	04					.byte $04                             ; $0083 $
>e0e9	03					.byte $03                             ; $0084 %
>e0ea	00					.byte $00                             ; $0085 &
>e0eb	0a					.byte $0a                             ; $0086 '
>e0ec	0a					.byte $0a                             ; $0087 (
>e0ed	0a					.byte $0a                             ; $0088 )
>e0ee	03					.byte $03                             ; $0089 *
>e0ef	02					.byte $02                             ; $008a +
>e0f0	02					.byte $02                             ; $008b -
>e0f1	03					.byte $03                             ; $008c /
>e0f2	0a					.byte $0a                             ; $008d :
>e0f3	0a					.byte $0a                             ; $008e ;
>e0f4	01					.byte $01                             ; $008f <=
>e0f5	01					.byte $01                             ; $0090 <>
>e0f6	01					.byte $01                             ; $0091 <
>e0f7	01					.byte $01                             ; $0092 =
>e0f8	01					.byte $01                             ; $0093 >=
>e0f9	01					.byte $01                             ; $0094 >
>e0fa	04					.byte $04                             ; $0095 ?
>e0fb	00					.byte $00                             ; $0096 ^
>e0fc	04					.byte $04                             ; $0097 assert
>e0fd	09					.byte $09                             ; $0098 abs
>e0fe	04					.byte $04                             ; $0099 clear
>e0ff	09					.byte $09                             ; $009a ch
>e100	04					.byte $04                             ; $009b do
>e101	04					.byte $04                             ; $009c end
>e102	04					.byte $04                             ; $009d for
>e103	04					.byte $04                             ; $009e gosub
>e104	04					.byte $04                             ; $009f goto
>e105	04					.byte $04                             ; $00a0 input
>e106	04					.byte $04                             ; $00a1 if
>e107	04					.byte $04                             ; $00a2 list
>e108	04					.byte $04                             ; $00a3 loop
>e109	04					.byte $04                             ; $00a4 link
>e10a	04					.byte $04                             ; $00a5 let
>e10b	09					.byte $09                             ; $00a6 len
>e10c	04					.byte $04                             ; $00a7 next
>e10d	04					.byte $04                             ; $00a8 new
>e10e	04					.byte $04                             ; $00a9 old
>e10f	04					.byte $04                             ; $00aa print
>e110	04					.byte $04                             ; $00ab rem
>e111	09					.byte $09                             ; $00ac rnd
>e112	04					.byte $04                             ; $00ad stop
>e113	04					.byte $04                             ; $00ae step
>e114	04					.byte $04                             ; $00af then
>e115	09					.byte $09                             ; $00b0 top
>e116	04					.byte $04                             ; $00b1 to
>e117	00					.byte $00                             ; $00b2 |
>e118	01					.byte $01                             ; $00b3 ~
=$00					KTYPE_PRECBASE = $00
=$08					KTYPE_COMMAND = $08
=$09					KTYPE_UNARYFN = $09
=$0a					KTYPE_SYNTAX = $0a
=$0080					KW_PLING = $0080
=$0081					KW_DQUOTE = $0081
=$0082					KW_HASH = $0082
=$0083					KW_DOLLAR = $0083
=$0084					KW_PERCENT = $0084
=$0085					KW_AMPERSAND = $0085
=$0086					KW_SQUOTE = $0086
=$0087					KW_LPAREN = $0087
=$0088					KW_RPAREN = $0088
=$0089					KW_STAR = $0089
=$008a					KW_PLUS = $008a
=$008b					KW_MINUS = $008b
=$008c					KW_FSLASH = $008c
=$008d					KW_COLON = $008d
=$008e					KW_SEMICOLON = $008e
=$008f					KW_LESSEQUAL = $008f
=$0090					KW_LESSGREATER = $0090
=$0091					KW_LESS = $0091
=$0092					KW_EQUAL = $0092
=$0093					KW_GREATEREQUAL = $0093
=$0094					KW_GREATER = $0094
=$0095					KW_QUESTION = $0095
=$0096					KW_HAT = $0096
=$0097					KW_ASSERT = $0097
=$0098					KW_ABS = $0098
=$0099					KW_CLEAR = $0099
=$009a					KW_CH = $009a
=$009b					KW_DO = $009b
=$009c					KW_END = $009c
=$009d					KW_FOR = $009d
=$009e					KW_GOSUB = $009e
=$009f					KW_GOTO = $009f
=$00a0					KW_INPUT = $00a0
=$00a1					KW_IF = $00a1
=$00a2					KW_LIST = $00a2
=$00a3					KW_LOOP = $00a3
=$00a4					KW_LINK = $00a4
=$00a5					KW_LET = $00a5
=$00a6					KW_LEN = $00a6
=$00a7					KW_NEXT = $00a7
=$00a8					KW_NEW = $00a8
=$00a9					KW_OLD = $00a9
=$00aa					KW_PRINT = $00aa
=$00ab					KW_REM = $00ab
=$00ac					KW_RND = $00ac
=$00ad					KW_STOP = $00ad
=$00ae					KW_STEP = $00ae
=$00af					KW_THEN = $00af
=$00b0					KW_TOP = $00b0
=$00b1					KW_TO = $00b1
=$00b2					KW_BAR = $00b2
=$00b3					KW_TILDE = $00b3

;******  Return to file: basic.asm


;******  Processing file: general/support.asm

.e119					CheckNextCharacter:
.e119	8d 6e 20	sta $206e			sta 	Temp1 						; save character to check
.e11c					_CNCLoop:
.e11c	b1 20		lda ($20),y			lda 	(zCurrentLine),y			; get next
.e11e	f0 0b		beq $e12b			beq 	_CNCFail 					; end of line, so no character
.e120	c8		iny				iny
.e121	c9 20		cmp #$20			cmp 	#' ' 						; skip spaces
.e123	f0 f7		beq $e11c			beq 	_CNCLoop
.e125	cd 6e 20	cmp $206e			cmp 	Temp1 						; fail if not what was wanted
.e128	d0 01		bne $e12b			bne 	_CNCFail
.e12a	60		rts				rts
.e12b					_CNCFail:
.e12b	20 f9 e7	jsr $e7f9			jsr 	ReportError
>e12e	4d 69 73 73 69 6e 67 20				.text 	"Missing token",$00
>e136	74 6f 6b 65 6e 00

;******  Return to file: basic.asm


;******  Processing file: general/data.asm

=$e13c							currentPosData = *
>0020					zCurrentLine: 	.word 	?					; address of current line (offset word)
>0022					zBasicStack:	.word 	? 					; stack for BASIC.
>0024					zLowMemory:		.word	?					; next free space after program (arrays,vars etc.)
>0026					zTemp1:			.word 	?					; temporary vars
>0028					zTemp2:			.word 	?
>2000					FixedVariables:	.fill 	27*4 				; address of 26 x 4 byte fixed variables @A-Z
>206c					HighMemory:		.word 	?					; highest memory location available (2 bytes)
>206e					Temp1:			.dword	?					; 4 byte temporary stores.
>2072					SignCount:		.byte 	? 					; count of signs in divide.
>2073					StringBufferPos:.byte 	? 					; next free slot in string buffer
>2074					RandomSeed 		.word 	? 					; Random Number
>2076									.align	256
.2100					StringBuffer:
>2100									.byte ?
>2101									.align	256
.2200					BasicProgram:

;******  Return to file: basic.asm


;******  Processing file: general/evaluate.asm

.e13c					EvaluateSNError:
.e13c	4c f4 e7	jmp $e7f4			jmp 	SyntaxError
.e13f					EvaluateMissingQuote:
.e13f	20 f9 e7	jsr $e7f9			jsr 	ReportError
>e142	4d 69 73 73 69 6e 67 20				.text 	"Missing quote",$00
>e14a	71 75 6f 74 65 00
.e150					EvaluateStringFull:
.e150	20 f9 e7	jsr $e7f9			jsr 	ReportError
>e153	53 74 72 69 6e 67 20 42				.text 	"String Buffer full",$00
>e15b	75 66 66 65 72 20 66 75 6c 6c 00
.e166					EvaluateBadHex:
.e166	20 f9 e7	jsr $e7f9			jsr 	ReportError
>e169	42 61 64 20 48 65 78 00				.text 	"Bad Hex",$00
.e171					EvaluateAtomCurrentLevel:
.e171	a9 07		lda #$07			lda 	#7
.e173	80 04		bra $e179			bra 	EvaluateAtPrecedenceLevel
.e175					EvaluateBase:
.e175	a2 00		ldx #$00			ldx 	#0 							; reset the stack
.e177					EvaluateBaseCurrentLevel:
.e177	a9 00		lda #$00			lda 	#0 							; current precedence is zero
.e179					EvaluateAtPrecedenceLevel:
.e179	48		pha				pha 								; save precedence level
.e17a	a9 00		lda #$00			lda 	#0 							; zero the result.
.e17c	9d 00 04	sta $0400,x			sta 	evalStack+0,x
.e17f	9d 01 04	sta $0401,x			sta 	evalStack+1,x
.e182	9d 02 04	sta $0402,x			sta 	evalStack+2,x
.e185	9d 03 04	sta $0403,x			sta 	evalStack+3,x
.e188					_EVALSkipSpace1:
.e188	b1 20		lda ($20),y			lda 	(zCurrentLine),y 			; get next token, skipping over spaces.
.e18a	f0 b0		beq $e13c			beq 	EvaluateSNError 			; end of line, without token.
.e18c	c8		iny				iny
.e18d	c9 20		cmp #$20			cmp 	#32
.e18f	f0 f7		beq $e188			beq 	_EVALSkipSpace1
.e191	88		dey				dey 								; points at the token.
.e192	c9 81		cmp #$81			cmp 	#KW_DQUOTE					; is it opening quote ?
.e194	f0 14		beq $e1aa			beq 	_EVALString  				; if so load in a constant string
.e196	c9 82		cmp #$82			cmp 	#KW_HASH 					; is it a hash, e.g. hexadecimal.
.e198	f0 36		beq $e1d0			beq 	_EVALHexadecimal
.e19a	c9 30		cmp #$30			cmp 	#'0'						; is it in range 0-9
.e19c	90 04		bcc $e1a2			bcc		_EVALGoKeywordVariable 		; yes, it's a keyword or variable.
.e19e	c9 3a		cmp #$3a			cmp 	#'9'+1
.e1a0	90 03		bcc $e1a5			bcc 	_EVALDecimal
.e1a2					_EVALGoKeywordVariable:
.e1a2	4c 27 e2	jmp $e227			jmp 	_EVALKeywordVariable
.e1a5					_EVALDecimal:
.e1a5	20 7c e2	jsr $e27c			jsr 	EVALGetDecConstant 			; get decimal constant
.e1a8	80 34		bra $e1de			bra 	_EVALGotAtom 				; got atom.
.e1aa					_EVALString:
.e1aa	da		phx				phx 								; save X on stack
.e1ab	a9 21		lda #$21			lda 	#StringBuffer >> 8 			; set the address in the eval stack
.e1ad	9d 01 04	sta $0401,x			sta 	evalStack+1,x
.e1b0	ad 73 20	lda $2073			lda 	StringBufferPos 			; X = Buffer Position.
.e1b3	9d 00 04	sta $0400,x			sta 	evalStack+0,x 				; that's the address of the new string
.e1b6	aa		tax				tax 								; put in X to build the string.
.e1b7	c8		iny				iny 								; skip over opening quote character
.e1b8					_EVALStringCopy:
.e1b8	b1 20		lda ($20),y			lda 	(zCurrentLine),y 			; get next character.
.e1ba	c8		iny				iny
.e1bb	f0 82		beq $e13f			beq		EvaluateMissingQuote 		; if zero, then there was no closing quote.
.e1bd	9d 00 21	sta $2100,x			sta 	StringBuffer,x 				; copy into the buffer
.e1c0	e8		inx				inx 								; and bump that pointer.
.e1c1	f0 8d		beq $e150			beq 	EvaluateStringFull 			; buffer is full.
.e1c3	49 81		eor #$81			eor 	#KW_DQUOTE					; keep going if not closing quote.
.e1c5	d0 f1		bne $e1b8			bne 	_EVALStringCopy
.e1c7	8e 73 20	stx $2073			stx 	StringBufferPos 			; this is the new next free slot.
.e1ca	9d ff 20	sta $20ff,x			sta 	StringBuffer-1,x 			; write the zero (EOS) hence EOR to end string.
.e1cd	fa		plx				plx 								; restore X
.e1ce	80 0e		bra $e1de			bra 	_EVALGotAtom 				; got the atom.
.e1d0					_EVALHexaDecimal
.e1d0	c8		iny				iny 								; skip over the '#'
.e1d1	5a		phy				phy 								; save Y
.e1d2	20 e8 e2	jsr $e2e8			jsr 	EVALGetHexConstant 			; load in hexadecimal constant
.e1d5	8c 6e 20	sty $206e			sty 	Temp1 						; has Y changed ?
.e1d8	68		pla				pla
.e1d9	cd 6e 20	cmp $206e			cmp 	Temp1
.e1dc	f0 88		beq $e166			beq 	EvaluateBadHex 				; if not, error.
.e1de					_EVALGotAtom:
.e1de					_EVALGetOperator:
.e1de	b1 20		lda ($20),y			lda 	(zCurrentLine),y 			; get next token skip spaces.
.e1e0	c8		iny				iny 								; this should be binary operator
.e1e1	c9 20		cmp #$20			cmp 	#$20
.e1e3	f0 f9		beq $e1de			beq 	_EVALGetOperator
.e1e5	88		dey				dey
.e1e6	09 00		ora #$00			ora 	#0 							; to be a binary token must be -ve
.e1e8	10 3b		bpl $e225			bpl 	_EVALExitPullA 				; if +ve then exit now.
.e1ea	da		phx				phx 								; save X
.e1eb	aa		tax				tax 								; token in X
.e1ec	bd 65 e0	lda $e065,x			lda 	TokenTypeInformation-128,x 	; get the type info for it
.e1ef	8d 6e 20	sta $206e			sta 	Temp1 						; save precedence in Temp1
.e1f2	fa		plx				plx 								; restore X
.e1f3	c9 08		cmp #$08			cmp 	#8 							; if type >= 8, e.g. not binary, then exit.
.e1f5	b0 2e		bcs $e225			bcs 	_EVALExitPullA
.e1f7	68		pla				pla 								; get and save precedence level.
.e1f8	48		pha				pha
.e1f9	cd 6e 20	cmp $206e			cmp 	Temp1 						; compare operator precedence - keyword precedence level.
.e1fc	f0 02		beq $e200			beq 	_EVALDoCalc					; equal, do it.
.e1fe	b0 25		bcs $e225			bcs 	_EVALExitPullA				; too high, then exit.
.e200					_EVALDoCalc:
.e200	b1 20		lda ($20),y			lda 	(zCurrentLine),y 			; get the token, save on stack and skip it.
.e202	c8		iny				iny
.e203	48		pha				pha
.e204	da		phx				phx
.e205	e8		inx				inx 								; work out right hand side.
.e206	e8		inx				inx
.e207	e8		inx				inx
.e208	e8		inx				inx
.e209	ad 6e 20	lda $206e			lda 	Temp1 						; get current operator precedence level.
.e20c	1a		inc a				inc 	a 							; so work it out at the next level.
.e20d	20 79 e1	jsr $e179			jsr 	EvaluateAtPrecedenceLevel 	; work out the RHS.
.e210	fa		plx				plx 								; fix X back.
.e211	68		pla				pla 								; get keyword
.e212					_EVALExecuteA:
.e212	0a		asl a				asl 	a 							; shift left, drop bit 7
.e213	8d 6f 20	sta $206f			sta 	Temp1+1						; save in Temp1.1
.e216	a9 e0		lda #$e0			lda 	#KeywordVectorTable >> 8 	; set high byte of KVT
.e218	8d 70 20	sta $2070			sta 	Temp1+2 					; set at Temp1.2
.e21b	a9 6c		lda #$6c			lda 	#$6C 						; make JMP (xxxx)
.e21d	8d 6e 20	sta $206e			sta 	Temp1+0
.e220	20 6e 20	jsr $206e			jsr 	Temp1 						; call that routine.
.e223	80 b9		bra $e1de			bra 	_EVALGotAtom 				; and loop back again.
.e225					_EVALExitPullA:
.e225	68		pla				pla 								; restore precedence.
.e226	60		rts				rts
.e227					_EVALKeywordVariable:
.e227	09 00		ora #$00			ora 	#0 							; check bit 7
.e229	10 0f		bpl $e23a			bpl 	_EVALNotUnaryFunction 		; must be set for unary function
.e22b	da		phx				phx
.e22c	aa		tax				tax
.e22d	bd 65 e0	lda $e065,x			lda 	TokenTypeInformation-128,x 	; get the type info for it
.e230	fa		plx				plx
.e231	c9 09		cmp #$09			cmp 	#KTYPE_UNARYFN 				; is it a unary function
.e233	d0 05		bne $e23a			bne 	_EVALNotUnaryFunction
.e235	b1 20		lda ($20),y			lda 	(zCurrentLine),y 			; get the token back
.e237	c8		iny				iny 								; consume it
.e238	80 d8		bra $e212			bra 	_EVALExecuteA 				; execute TOS.
.e23a					_EVALNotUnaryFunction:
.e23a	b1 20		lda ($20),y			lda 	(zCurrentLine),y
.e23c	10 3d		bpl $e27b			bpl 	_EVALCheckVariable 			; if ASCII check variable
.e23e	c9 8b		cmp #$8b			cmp 	#KW_MINUS 					; check negation
.e240	f0 0f		beq $e251			beq 	_EVALUnaryNegation
.e242	c9 87		cmp #$87			cmp 	#KW_LPAREN 					; check left bracket.
.e244	d0 14		bne $e25a			bne		_EVALCheckUnaryOperator
.e246	c8		iny				iny 								; skip left bracket.
.e247	20 77 e1	jsr $e177			jsr 	EvaluateBaseCurrentLevel 	; calculate what's in the bracket.
.e24a	a9 88		lda #$88			lda 	#KW_RPAREN 					; check right bracket.
.e24c	20 19 e1	jsr $e119			jsr 	CheckNextCharacter 			; check next character, after spaces.
.e24f	80 8d		bra $e1de			bra 	_EVALGotAtom
.e251					_EVALUnaryNegation:
.e251	c8		iny				iny 								; skip over the - sign.
.e252	20 71 e1	jsr $e171			jsr 	EvaluateAtomCurrentLevel 	; calculate what's being negatived (...)
.e255	20 32 e5	jsr $e532			jsr 	BFUNC_NegateAlways 			; negate it.
.e258	80 84		bra $e1de			bra 	_EVALGotAtom
.e25a					_EVALCheckUnaryOperator:
.e25a	48		pha				pha 								; save indirection operator.
.e25b	c8		iny				iny 								; skip over the operator
.e25c	20 71 e1	jsr $e171			jsr 	EvaluateAtomCurrentLevel 	; calculate the address.
.e25f	68		pla				pla 								; restore the operator
.e260	c9 83		cmp #$83			cmp 	#KW_DOLLAR					; $ is for visual typing, it does nothing
.e262	f0 0e		beq $e272			beq 	_EVALGoGotAtom
.e264	c9 95		cmp #$95			cmp 	#KW_QUESTION				; byte indirection
.e266	f0 07		beq $e26f			beq 	_EVALByteRead
.e268	c9 80		cmp #$80			cmp 	#KW_PLING					; word indirection
.e26a	f0 09		beq $e275			beq 	_EVALWordRead
.e26c	4c f4 e7	jmp $e7f4			jmp 	SyntaxError 				; give up.
.e26f					_EVALByteRead:
.e26f	20 27 e3	jsr $e327			jsr 	EVALReadByteIndirect
.e272					_EVALGoGotAtom:
.e272	4c de e1	jmp $e1de			jmp 	_EVALGotAtom
.e275					_EVALWordRead:
.e275	20 46 e3	jsr $e346			jsr 	EVALReadWordIndirect
.e278	4c de e1	jmp $e1de			jmp 	_EVALGotAtom
.e27b					_EVALCheckVariable:
.e27b	ea		nop				nop
.e27c					EVALGetDecConstant:
.e27c	b1 20		lda ($20),y			lda 	(zCurrentLine),y 			; get next
.e27e	c9 30		cmp #$30			cmp 	#'0'						; check in range 0-9.
.e280	90 04		bcc $e286			bcc 	_EVGDExit
.e282	c9 3a		cmp #$3a			cmp 	#'9'+1
.e284	90 01		bcc $e287			bcc 	_EVGDValue 					; if so has legal value
.e286					_EVGDExit:
.e286	60		rts				rts
.e287					_EVGDValue:
.e287	48		pha				pha 								; save value, Y on stack
.e288	5a		phy				phy
.e289	a0 03		ldy #$03			ldy 	#3 							; 3 shifts.
.e28b	bd 03 04	lda $0403,x			lda 	evalStack+3,x 				; push x1 value on stack.
.e28e	48		pha				pha
.e28f	bd 02 04	lda $0402,x			lda 	evalStack+2,x
.e292	48		pha				pha
.e293	bd 01 04	lda $0401,x			lda 	evalStack+1,x
.e296	48		pha				pha
.e297	bd 00 04	lda $0400,x			lda 	evalStack+0,x
.e29a	48		pha				pha
.e29b					_EVGDLoop:
.e29b	1e 00 04	asl $0400,x			asl 	evalStack+0,x 				; rotate left once.
.e29e	3e 01 04	rol $0401,x			rol 	evalStack+1,x
.e2a1	3e 02 04	rol $0402,x			rol 	evalStack+2,x
.e2a4	3e 03 04	rol $0403,x			rol 	evalStack+3,x
.e2a7	c0 02		cpy #$02			cpy 	#2 							; if done it twice now
.e2a9	d0 1d		bne $e2c8			bne 	_EVGDNoAdd
.e2ab	18		clc				clc 								; then it will be x 4, adding +1 => x 5
.e2ac	68		pla				pla
.e2ad	7d 00 04	adc $0400,x			adc 	evalStack+0,x
.e2b0	9d 00 04	sta $0400,x			sta 	evalStack+0,x
.e2b3	68		pla				pla
.e2b4	7d 01 04	adc $0401,x			adc 	evalStack+1,x
.e2b7	9d 01 04	sta $0401,x			sta 	evalStack+1,x
.e2ba	68		pla				pla
.e2bb	7d 02 04	adc $0402,x			adc 	evalStack+2,x
.e2be	9d 02 04	sta $0402,x			sta 	evalStack+2,x
.e2c1	68		pla				pla
.e2c2	7d 03 04	adc $0403,x			adc 	evalStack+3,x
.e2c5	9d 03 04	sta $0403,x			sta 	evalStack+3,x
.e2c8					_EVGDNoAdd:
.e2c8	88		dey				dey
.e2c9	d0 d0		bne $e29b			bne 	_EVGDLoop
.e2cb	7a		ply				ply 								; restore YA
.e2cc	68		pla				pla
.e2cd	c8		iny				iny 								; next character
.e2ce	29 0f		and #$0f			and 	#15 						; force into range and put in.
.e2d0	18		clc				clc
.e2d1	7d 00 04	adc $0400,x			adc 	evalStack+0,x 				; add digit in
.e2d4	9d 00 04	sta $0400,x			sta 	evalStack+0,x
.e2d7	90 a3		bcc $e27c			bcc 	EVALGetDecConstant 			; propogate constant through
.e2d9	fe 01 04	inc $0401,x			inc 	evalStack+1,x
.e2dc	d0 9e		bne $e27c			bne 	EVALGetDecConstant
.e2de	fe 02 04	inc $0402,x			inc 	evalStack+2,x
.e2e1	d0 99		bne $e27c			bne 	EVALGetDecConstant
.e2e3	fe 03 04	inc $0403,x			inc 	evalStack+3,x
.e2e6	80 94		bra $e27c			bra 	EVALGetDecConstant 			; go back and try again.
.e2e8					EVALGetHexConstant:
.e2e8	b1 20		lda ($20),y			lda 	(zCurrentLine),y 			; get next
.e2ea	20 1c e3	jsr $e31c			jsr 	EVALToUpper 				; make upper case
.e2ed	38		sec				sec
.e2ee	e9 30		sbc #$30			sbc 	#"0" 						; range 0-9
.e2f0	90 0a		bcc $e2fc			bcc 	_EVGHExit 					; exit if CC
.e2f2	c9 0a		cmp #$0a			cmp 	#9+1 						; if < 9 have a legal value.
.e2f4	90 07		bcc $e2fd			bcc 	_EVGHValue
.e2f6	e9 07		sbc #$07			sbc 	#7 							; now in range 10-15 if okay.
.e2f8	c9 10		cmp #$10			cmp 	#15+1
.e2fa	90 01		bcc $e2fd			bcc 	_EVGHValue
.e2fc					_EVGHExit:
.e2fc	60		rts				rts
.e2fd					_EVGHValue:
.e2fd	5a		phy				phy 								; save Y and new digit.
.e2fe	48		pha				pha
.e2ff	a0 04		ldy #$04			ldy 	#4 							; rotate left 4
.e301					_EVGHRotate:
.e301	1e 00 04	asl $0400,x			asl 	evalStack+0,x
.e304	3e 01 04	rol $0401,x			rol 	evalStack+1,x
.e307	3e 02 04	rol $0402,x			rol 	evalStack+2,x
.e30a	3e 03 04	rol $0403,x			rol 	evalStack+3,x
.e30d	88		dey				dey
.e30e	d0 f1		bne $e301			bne 	_EVGHRotate
.e310	68		pla				pla 								; restore digit and X
.e311	7a		ply				ply
.e312	c8		iny				iny 								; next character
.e313	18		clc				clc
.e314	1d 00 04	ora $0400,x			ora 	evalStack+0,x 				; add digit in
.e317	9d 00 04	sta $0400,x			sta 	evalStack+0,x
.e31a	80 cc		bra $e2e8			bra 	EVALGetHexConstant 			; go back and try again.
.e31c					EVALToUpper:
.e31c	c9 61		cmp #$61			cmp 	#'a'
.e31e	90 06		bcc $e326			bcc 	_EVTUExit
.e320	c9 7b		cmp #$7b			cmp 	#'z'+1
.e322	b0 02		bcs $e326			bcs 	_EVTUExit
.e324	49 20		eor #$20			eor 	#32
.e326					_EVTUExit:
.e326	60		rts				rts
.e327					EVALReadByteIndirect:
.e327	bd 00 04	lda $0400,x			lda 	evalStack+0,x 	 			; copy address over.
.e32a	85 26		sta $26				sta 	zTemp1
.e32c	bd 01 04	lda $0401,x			lda 	evalStack+1,x
.e32f	85 27		sta $27				sta 	zTemp1+1
.e331	5a		phy				phy
.e332	a0 00		ldy #$00			ldy 	#0 							; read byte
.e334	b1 26		lda ($26),y			lda 	(zTemp1),y
.e336	9d 00 04	sta $0400,x			sta 	evalStack+0,x
.e339	7a		ply				ply
.e33a	a9 00		lda #$00			lda 	#0 							; zero upper three bytes
.e33c	9d 01 04	sta $0401,x			sta 	evalStack+1,x
.e33f	9d 02 04	sta $0402,x			sta 	evalStack+2,x
.e342	9d 03 04	sta $0403,x			sta 	evalStack+3,x
.e345	60		rts				rts
.e346					EVALReadWordIndirect:
.e346	bd 00 04	lda $0400,x			lda 	evalStack+0,x 	 			; copy address over.
.e349	85 26		sta $26				sta 	zTemp1
.e34b	bd 01 04	lda $0401,x			lda 	evalStack+1,x
.e34e	85 27		sta $27				sta 	zTemp1+1
.e350	5a		phy				phy
.e351	a0 00		ldy #$00			ldy 	#0 							; read word
.e353	b1 26		lda ($26),y			lda 	(zTemp1),y
.e355	9d 00 04	sta $0400,x			sta 	evalStack+0,x
.e358	c8		iny				iny
.e359	b1 26		lda ($26),y			lda 	(zTemp1),y
.e35b	9d 01 04	sta $0401,x			sta 	evalStack+1,x
.e35e	c8		iny				iny
.e35f	b1 26		lda ($26),y			lda 	(zTemp1),y
.e361	9d 02 04	sta $0402,x			sta 	evalStack+2,x
.e364	c8		iny				iny
.e365	b1 26		lda ($26),y			lda 	(zTemp1),y
.e367	9d 03 04	sta $0403,x			sta 	evalStack+3,x
.e36a	7a		ply				ply
.e36b	60		rts				rts

;******  Return to file: basic.asm


;******  Processing file: binary/arithmetic.asm

.e36c					BFUNC_Add:
.e36c	18		clc				clc
.e36d	bd 00 04	lda $0400,x			lda 	evalStack+0,x
.e370	7d 04 04	adc $0404,x			adc 	evalStack+4,x
.e373	9d 00 04	sta $0400,x			sta 	evalStack+0,x
.e376	bd 01 04	lda $0401,x			lda 	evalStack+1,x
.e379	7d 05 04	adc $0405,x			adc 	evalStack+5,x
.e37c	9d 01 04	sta $0401,x			sta 	evalStack+1,x
.e37f	bd 02 04	lda $0402,x			lda 	evalStack+2,x
.e382	7d 06 04	adc $0406,x			adc 	evalStack+6,x
.e385	9d 02 04	sta $0402,x			sta 	evalStack+2,x
.e388	bd 03 04	lda $0403,x			lda 	evalStack+3,x
.e38b	7d 07 04	adc $0407,x			adc 	evalStack+7,x
.e38e	9d 03 04	sta $0403,x			sta 	evalStack+3,x
.e391	60		rts				rts
.e392					BFUNC_Subtract:
.e392	38		sec				sec
.e393	bd 00 04	lda $0400,x			lda 	evalStack+0,x
.e396	fd 04 04	sbc $0404,x			sbc 	evalStack+4,x
.e399	9d 00 04	sta $0400,x			sta 	evalStack+0,x
.e39c	bd 01 04	lda $0401,x			lda 	evalStack+1,x
.e39f	fd 05 04	sbc $0405,x			sbc 	evalStack+5,x
.e3a2	9d 01 04	sta $0401,x			sta 	evalStack+1,x
.e3a5	bd 02 04	lda $0402,x			lda 	evalStack+2,x
.e3a8	fd 06 04	sbc $0406,x			sbc 	evalStack+6,x
.e3ab	9d 02 04	sta $0402,x			sta 	evalStack+2,x
.e3ae	bd 03 04	lda $0403,x			lda 	evalStack+3,x
.e3b1	fd 07 04	sbc $0407,x			sbc 	evalStack+7,x
.e3b4	9d 03 04	sta $0403,x			sta 	evalStack+3,x
.e3b7	60		rts				rts
.e3b8					BFUNC_String:
.e3b8	20 6c e3	jsr $e36c			jsr 	BFUNC_Add
.e3bb	60		rts				rts
.e3bc					BFUNC_ByteInd:
.e3bc	20 6c e3	jsr $e36c			jsr 	BFUNC_Add
.e3bf	20 27 e3	jsr $e327			jsr 	EVALReadByteIndirect
.e3c2	60		rts				rts
.e3c3					BFUNC_WordInd:
.e3c3	20 6c e3	jsr $e36c			jsr 	BFUNC_Add
.e3c6	20 46 e3	jsr $e346			jsr 	EVALReadWordIndirect
.e3c9	60		rts				rts

;******  Return to file: basic.asm


;******  Processing file: binary/binary.asm

.e3ca					BFUNC_And:
.e3ca	bd 00 04	lda $0400,x			lda 	evalStack+0,x
.e3cd	3d 04 04	and $0404,x			and 	evalStack+4,x
.e3d0	9d 00 04	sta $0400,x			sta 	evalStack+0,x
.e3d3	bd 01 04	lda $0401,x			lda 	evalStack+1,x
.e3d6	3d 05 04	and $0405,x			and 	evalStack+5,x
.e3d9	9d 01 04	sta $0401,x			sta 	evalStack+1,x
.e3dc	bd 02 04	lda $0402,x			lda 	evalStack+2,x
.e3df	3d 06 04	and $0406,x			and 	evalStack+6,x
.e3e2	9d 02 04	sta $0402,x			sta 	evalStack+2,x
.e3e5	bd 03 04	lda $0403,x			lda 	evalStack+3,x
.e3e8	3d 07 04	and $0407,x			and 	evalStack+7,x
.e3eb	9d 03 04	sta $0403,x			sta 	evalStack+3,x
.e3ee	60		rts				rts
.e3ef					BFUNC_Or:
.e3ef	bd 00 04	lda $0400,x			lda 	evalStack+0,x
.e3f2	1d 04 04	ora $0404,x			ora 	evalStack+4,x
.e3f5	9d 00 04	sta $0400,x			sta 	evalStack+0,x
.e3f8	bd 01 04	lda $0401,x			lda 	evalStack+1,x
.e3fb	1d 05 04	ora $0405,x			ora 	evalStack+5,x
.e3fe	9d 01 04	sta $0401,x			sta 	evalStack+1,x
.e401	bd 02 04	lda $0402,x			lda 	evalStack+2,x
.e404	1d 06 04	ora $0406,x			ora 	evalStack+6,x
.e407	9d 02 04	sta $0402,x			sta 	evalStack+2,x
.e40a	bd 03 04	lda $0403,x			lda 	evalStack+3,x
.e40d	1d 07 04	ora $0407,x			ora 	evalStack+7,x
.e410	9d 03 04	sta $0403,x			sta 	evalStack+3,x
.e413	60		rts				rts
.e414					BFUNC_Xor:
.e414	bd 00 04	lda $0400,x			lda 	evalStack+0,x
.e417	5d 04 04	eor $0404,x			eor 	evalStack+4,x
.e41a	9d 00 04	sta $0400,x			sta 	evalStack+0,x
.e41d	bd 01 04	lda $0401,x			lda 	evalStack+1,x
.e420	5d 05 04	eor $0405,x			eor 	evalStack+5,x
.e423	9d 01 04	sta $0401,x			sta 	evalStack+1,x
.e426	bd 02 04	lda $0402,x			lda 	evalStack+2,x
.e429	5d 06 04	eor $0406,x			eor 	evalStack+6,x
.e42c	9d 02 04	sta $0402,x			sta 	evalStack+2,x
.e42f	bd 03 04	lda $0403,x			lda 	evalStack+3,x
.e432	5d 07 04	eor $0407,x			eor 	evalStack+7,x
.e435	9d 03 04	sta $0403,x			sta 	evalStack+3,x
.e438	60		rts				rts

;******  Return to file: basic.asm


;******  Processing file: binary/multiply.asm

.e439					BFUNC_Multiply:
.e439	bd 00 04	lda $0400,x			lda 	evalStack+0,x				; copy +0 to +8
.e43c	9d 08 04	sta $0408,x			sta 	evalStack+8,x
.e43f	bd 01 04	lda $0401,x			lda 	evalStack+1,x
.e442	9d 09 04	sta $0409,x			sta 	evalStack+9,x
.e445	bd 02 04	lda $0402,x			lda 	evalStack+2,x
.e448	9d 0a 04	sta $040a,x			sta 	evalStack+10,x
.e44b	bd 03 04	lda $0403,x			lda 	evalStack+3,x
.e44e	9d 0b 04	sta $040b,x			sta 	evalStack+11,x
.e451	a9 00		lda #$00			lda 	#0
.e453	9d 00 04	sta $0400,x			sta 	evalStack+0,x 				; zero +0
.e456	9d 01 04	sta $0401,x			sta 	evalStack+1,x
.e459	9d 02 04	sta $0402,x			sta 	evalStack+2,x
.e45c	9d 03 04	sta $0403,x			sta 	evalStack+3,x
.e45f					_BFMMultiply:
.e45f	bd 08 04	lda $0408,x			lda 	evalStack+8,x 				; get LSBit of 8-11
.e462	29 01		and #$01			and 	#1
.e464	f0 03		beq $e469			beq 	_BFMNoAdd
.e466	20 6c e3	jsr $e36c			jsr 	BFunc_Add 					; if bit set, add 4 to 0.
.e469					_BFMNoAdd:
.e469	1e 04 04	asl $0404,x			asl 	evalStack+4,x 				; shift +4 left
.e46c	3e 05 04	rol $0405,x			rol 	evalStack+5,x
.e46f	3e 06 04	rol $0406,x			rol 	evalStack+6,x
.e472	3e 07 04	rol $0407,x			rol 	evalStack+7,x
.e475	5e 0b 04	lsr $040b,x			lsr 	evalStack+11,x 				; shift +8 right
.e478	7e 0a 04	ror $040a,x			ror 	evalStack+10,x
.e47b	7e 09 04	ror $0409,x			ror 	evalStack+9,x
.e47e	7e 08 04	ror $0408,x			ror 	evalStack+8,x
.e481	bd 08 04	lda $0408,x			lda 	evalStack+8,x 				; continue if +8 is nonzero
.e484	1d 09 04	ora $0409,x			ora 	evalStack+9,x
.e487	1d 0a 04	ora $040a,x			ora 	evalStack+10,x
.e48a	1d 0b 04	ora $040b,x			ora 	evalStack+11,x
.e48d	d0 d0		bne $e45f			bne 	_BFMMultiply
.e48f	60		rts				rts

;******  Return to file: basic.asm


;******  Processing file: binary/divide.asm

.e490					BFUNC_Divide:
.e490	bd 04 04	lda $0404,x			lda 	evalStack+4,x 				; check for /0
.e493	1d 05 04	ora $0405,x			ora 	evalStack+5,x
.e496	1d 06 04	ora $0406,x			ora 	evalStack+6,x
.e499	1d 07 04	ora $0407,x			ora 	evalStack+7,x
.e49c	d0 13		bne $e4b1			bne 	_BFDOkay
.e49e	20 f9 e7	jsr $e7f9			jsr 	ReportError
>e4a1	44 69 76 69 73 6f 6e 20				.text 	"Divison by Zero",$00
>e4a9	62 79 20 5a 65 72 6f 00
.e4b1					_BFDOkay:
.e4b1	a9 00		lda #$00			lda 	#0 							; Temp1 is 'A' (and holds the remainder)
.e4b3	8d 6e 20	sta $206e			sta 	Temp1 						; Q/Dividend/Left in +0
.e4b6	8d 6f 20	sta $206f			sta 	Temp1+1 					; M/Divisor/Right in +4
.e4b9	8d 70 20	sta $2070			sta 	Temp1+2
.e4bc	8d 71 20	sta $2071			sta 	Temp1+3
.e4bf	8d 72 20	sta $2072			sta 	SignCount 					; Count of signs.
.e4c2	20 2d e5	jsr $e52d			jsr 	BFUNC_Negate 				; negate (and bump sign count)
.e4c5	da		phx				phx
.e4c6	e8		inx				inx
.e4c7	e8		inx				inx
.e4c8	e8		inx				inx
.e4c9	e8		inx				inx
.e4ca	20 2d e5	jsr $e52d			jsr 	BFUNC_Negate
.e4cd	fa		plx				plx
.e4ce	5a		phy				phy 								; Y is the counter
.e4cf	a0 20		ldy #$20			ldy 	#32 						; 32 iterations of the loop.
.e4d1					_BFDLoop:
.e4d1	1e 00 04	asl $0400,x			asl 	evalStack+0,x 				; shift AQ left.
.e4d4	3e 01 04	rol $0401,x			rol 	evalStack+1,x
.e4d7	3e 02 04	rol $0402,x			rol 	evalStack+2,x
.e4da	3e 03 04	rol $0403,x			rol 	evalStack+3,x
.e4dd	2e 6e 20	rol $206e			rol 	Temp1
.e4e0	2e 6f 20	rol $206f			rol 	Temp1+1
.e4e3	2e 70 20	rol $2070			rol 	Temp1+2
.e4e6	2e 71 20	rol $2071			rol 	Temp1+3
.e4e9	38		sec				sec
.e4ea	ad 6e 20	lda $206e			lda 	Temp1+0 					; Calculate A-M on stack.
.e4ed	fd 04 04	sbc $0404,x			sbc 	evalStack+4,x
.e4f0	48		pha				pha
.e4f1	ad 6f 20	lda $206f			lda 	Temp1+1
.e4f4	fd 05 04	sbc $0405,x			sbc 	evalStack+5,x
.e4f7	48		pha				pha
.e4f8	ad 70 20	lda $2070			lda 	Temp1+2
.e4fb	fd 06 04	sbc $0406,x			sbc 	evalStack+6,x
.e4fe	48		pha				pha
.e4ff	ad 71 20	lda $2071			lda 	Temp1+3
.e502	fd 07 04	sbc $0407,x			sbc 	evalStack+7,x
.e505	90 19		bcc $e520			bcc 	_BFDNoAdd
.e507	8d 71 20	sta $2071			sta 	Temp1+3 					; update A
.e50a	68		pla				pla
.e50b	8d 70 20	sta $2070			sta 	Temp1+2
.e50e	68		pla				pla
.e50f	8d 6f 20	sta $206f			sta 	Temp1+1
.e512	68		pla				pla
.e513	8d 6e 20	sta $206e			sta 	Temp1+0
.e516	bd 00 04	lda $0400,x			lda 	evalStack+0,x 				; set Q bit 1.
.e519	09 01		ora #$01			ora 	#1
.e51b	9d 00 04	sta $0400,x			sta 	evalStack+0,x
.e51e	80 03		bra $e523			bra 	_BFDNext
.e520					_BFDNoAdd:
.e520	68		pla				pla 								; Throw away the intermediate calculations
.e521	68		pla				pla
.e522	68		pla				pla
.e523					_BFDNext:
.e523	88		dey				dey
.e524	d0 ab		bne $e4d1			bne 	_BFDLoop
.e526	7a		ply				ply 								; restore Y and exit
.e527	4e 72 20	lsr $2072			lsr 	SignCount 					; if sign count odd,
.e52a	b0 06		bcs $e532			bcs		BFUNC_NegateAlways 			; negate the result
.e52c	60		rts				rts
.e52d					BFUNC_Negate:
.e52d	bd 03 04	lda $0403,x			lda 	evalStack+3,x
.e530	10 24		bpl $e556			bpl 	BFNExit
.e532					BFUNC_NegateAlways:
.e532	38		sec				sec
.e533	a9 00		lda #$00			lda 	#0
.e535	fd 00 04	sbc $0400,x			sbc 	evalStack+0,x
.e538	9d 00 04	sta $0400,x			sta 	evalStack+0,x
.e53b	a9 00		lda #$00			lda 	#0
.e53d	fd 01 04	sbc $0401,x			sbc 	evalStack+1,x
.e540	9d 01 04	sta $0401,x			sta 	evalStack+1,x
.e543	a9 00		lda #$00			lda 	#0
.e545	fd 02 04	sbc $0402,x			sbc 	evalStack+2,x
.e548	9d 02 04	sta $0402,x			sta 	evalStack+2,x
.e54b	a9 00		lda #$00			lda 	#0
.e54d	fd 03 04	sbc $0403,x			sbc 	evalStack+3,x
.e550	9d 03 04	sta $0403,x			sta 	evalStack+3,x
.e553	ee 72 20	inc $2072			inc 	SignCount
.e556					BFNExit:
.e556	60		rts				rts
.e557					BFUNC_Modulus:
.e557	20 90 e4	jsr $e490			jsr 	BFUNC_Divide 				; start with division.
.e55a	ad 6e 20	lda $206e			lda 	Temp1+0 					; copy remainder
.e55d	9d 00 04	sta $0400,x			sta 	evalStack+0,x
.e560	ad 6f 20	lda $206f			lda 	Temp1+1
.e563	9d 01 04	sta $0401,x			sta 	evalStack+1,x
.e566	ad 70 20	lda $2070			lda 	Temp1+2
.e569	9d 02 04	sta $0402,x			sta 	evalStack+2,x
.e56c	ad 71 20	lda $2071			lda 	Temp1+3
.e56f	9d 03 04	sta $0403,x			sta 	evalStack+3,x
.e572	60		rts				rts

;******  Return to file: basic.asm


;******  Processing file: binary/compare.asm

.e573					BFUNC_Equals:
.e573	18		clc				clc
.e574	80 01		bra $e577			bra 	BFUNC_EqualCheck
.e576					BFUNC_NotEquals:
.e576	38		sec				sec
.e577					BFUNC_EqualCheck:
.e577	08		php				php									; save invert flag
.e578	ad 00 04	lda $0400			lda 	evalStack+0 				; check equality
.e57b	cd 04 04	cmp $0404			cmp 	evalStack+4
.e57e	d0 1c		bne $e59c			bne 	COMP_Fail
.e580	ad 01 04	lda $0401			lda 	evalStack+1
.e583	cd 05 04	cmp $0405			cmp 	evalStack+5
.e586	d0 14		bne $e59c			bne 	COMP_Fail
.e588	ad 02 04	lda $0402			lda 	evalStack+2
.e58b	cd 06 04	cmp $0406			cmp 	evalStack+6
.e58e	d0 0c		bne $e59c			bne 	COMP_Fail
.e590	ad 03 04	lda $0403			lda 	evalStack+3
.e593	cd 07 04	cmp $0407			cmp 	evalStack+7
.e596	d0 04		bne $e59c			bne 	COMP_Fail
.e598					COMP_Succeed:
.e598	a9 ff		lda #$ff			lda 	#$FF
.e59a	80 02		bra $e59e			bra 	COMP_SetResult
.e59c					COMP_Fail:
.e59c	a9 00		lda #$00			lda 	#0 							; here return 0
.e59e					COMP_SetResult:
.e59e	28		plp				plp 								; but if CS
.e59f	90 02		bcc $e5a3			bcc 	COMP_Accept
.e5a1	49 ff		eor #$ff			eor 	#$FF 						; invert that
.e5a3					COMP_Accept:
.e5a3	9d 00 04	sta $0400,x			sta 	evalStack+0,x 				; write to result.
.e5a6	9d 01 04	sta $0401,x			sta 	evalStack+1,x
.e5a9	9d 02 04	sta $0402,x			sta 	evalStack+2,x
.e5ac	9d 03 04	sta $0403,x			sta 	evalStack+3,x
.e5af	60		rts				rts
.e5b0					BFUNC_Less:
.e5b0	18		clc				clc
.e5b1	80 01		bra $e5b4			bra 	BFUNC_LessCheck
.e5b3					BFUNC_GreaterEqual:
.e5b3	38		sec				sec
.e5b4					BFUNC_LessCheck:
.e5b4	08		php				php
.e5b5	38		sec				sec
.e5b6	ad 00 04	lda $0400			lda 	evalStack+0 				; compare using direct subtraction
.e5b9	ed 04 04	sbc $0404			sbc 	evalStack+4
.e5bc	ad 01 04	lda $0401			lda 	evalStack+1
.e5bf	ed 05 04	sbc $0405			sbc 	evalStack+5
.e5c2	ad 02 04	lda $0402			lda 	evalStack+2
.e5c5	ed 06 04	sbc $0406			sbc 	evalStack+6
.e5c8	ad 03 04	lda $0403			lda 	evalStack+3
.e5cb	ed 07 04	sbc $0407			sbc 	evalStack+7
.e5ce	30 c8		bmi $e598			bmi 	COMP_Succeed
.e5d0	80 ca		bra $e59c			bra 	COMP_Fail
.e5d2					BFUNC_Greater:
.e5d2	18		clc				clc
.e5d3	80 01		bra $e5d6			bra 	BFUNC_GreaterCheck
.e5d5					BFUNC_LessEqual:
.e5d5	38		sec				sec
.e5d6					BFUNC_GreaterCheck:
.e5d6	08		php				php
.e5d7	38		sec				sec
.e5d8	ad 04 04	lda $0404			lda 	evalStack+4 				; compare using direct subtraction
.e5db	ed 00 04	sbc $0400			sbc 	evalStack+0
.e5de	ad 05 04	lda $0405			lda 	evalStack+5
.e5e1	ed 01 04	sbc $0401			sbc 	evalStack+1
.e5e4	ad 06 04	lda $0406			lda 	evalStack+6
.e5e7	ed 02 04	sbc $0402			sbc 	evalStack+2
.e5ea	ad 07 04	lda $0407			lda 	evalStack+7
.e5ed	ed 03 04	sbc $0403			sbc 	evalStack+3
.e5f0	30 a6		bmi $e598			bmi 	COMP_Succeed
.e5f2	80 a8		bra $e59c			bra 	COMP_Fail

;******  Return to file: basic.asm


;******  Processing file: binary/scompare.asm

.e5f4					BFUNC_StringCompare:
.e5f4	bd 00 04	lda $0400,x			lda 	evalStack+0,x 				; get address into temporaries.
.e5f7	85 26		sta $26				sta 	zTemp1
.e5f9	bd 01 04	lda $0401,x			lda 	evalStack+1,x
.e5fc	85 27		sta $27				sta 	zTemp1+1
.e5fe	bd 04 04	lda $0404,x			lda 	evalStack+4,x
.e601	85 28		sta $28				sta 	zTemp2
.e603	bd 05 04	lda $0405,x			lda 	evalStack+5,x
.e606	85 29		sta $29				sta 	zTemp2+1
.e608	a0 00		ldy #$00			ldy 	#0
.e60a					_BFSCLoop:
.e60a	b1 26		lda ($26),y			lda 	(zTemp1),y 					; comparison
.e60c	38		sec				sec
.e60d	d1 28		cmp ($28),y			cmp 	(zTemp2),y
.e60f	d0 14		bne $e625			bne		_BFSCDifferent 				; return different result.
.e611	c8		iny				iny
.e612	c9 00		cmp #$00			cmp 	#0							; until both EOS.
.e614	d0 f4		bne $e60a			bne 	_BFSCLoop
.e616	a9 00		lda #$00			lda 	#0
.e618					_BFSCSetAll:
.e618	9d 00 04	sta $0400,x			sta 	evalStack+0,x
.e61b	9d 01 04	sta $0401,x			sta 	evalStack+1,x
.e61e	9d 02 04	sta $0402,x			sta 	evalStack+2,x
.e621	9d 03 04	sta $0403,x			sta 	evalStack+3,x
.e624	60		rts				rts
.e625					_BFSCDifferent:
.e625	a9 ff		lda #$ff			lda 	#255 						; if CC set all as <
.e627	90 ef		bcc $e618			bcc 	_BFSCSetAll
.e629	a9 00		lda #$00			lda 	#0 							; set all zero
.e62b	20 18 e6	jsr $e618			jsr 	_BFSCSetAll
.e62e	fe 00 04	inc $0400,x			inc 	evalStack+0,x 				; and make it one.
.e631	60		rts				rts

;******  Return to file: basic.asm


;******  Processing file: unary/unary.asm

.e632					UNARY_Len:
.e632	20 71 e1	jsr $e171			jsr 	EvaluateAtomCurrentLevel 	; get the string to measure the length of.
.e635	bd 00 04	lda $0400,x			lda 	evalStack+0,x 				; copy string address to zTemp1
.e638	85 26		sta $26				sta 	zTemp1
.e63a	bd 01 04	lda $0401,x			lda 	evalStack+1,x
.e63d	85 27		sta $27				sta 	zTemp1+1
.e63f	5a		phy				phy
.e640	a0 00		ldy #$00			ldy 	#0 							; now figure out its length.
.e642					_ULGetLength:
.e642	b1 26		lda ($26),y			lda 	(zTemp1),y 					; read character
.e644	f0 1d		beq $e663			beq 	_ULFoundEOL 				; found end of line.
.e646	c8		iny				iny
.e647	d0 f9		bne $e642			bne 	_ULGetLength 				; scan 256 only.
.e649	20 f9 e7	jsr $e7f9			jsr 	ReportError
>e64c	43 61 6e 6e 6f 74 20 66				.text 	"Cannot find string end",$00
>e654	69 6e 64 20 73 74 72 69 6e 67 20 65 6e 64 00
.e663					_ULFoundEOL:
.e663	98		tya				tya 								; length in A, restore Y
.e664	7a		ply				ply
.e665					UNARY_ReturnByte:
.e665	9d 00 04	sta $0400,x			sta 	evalStack+0,x
.e668	a9 00		lda #$00			lda 	#0 							; clear the rests
.e66a	9d 01 04	sta $0401,x			sta 	evalStack+1,x
.e66d	9d 02 04	sta $0402,x			sta 	evalStack+2,x
.e670	9d 03 04	sta $0403,x			sta 	evalStack+3,x
.e673	60		rts				rts
.e674					UNARY_Ch:
.e674	20 71 e1	jsr $e171			jsr 	EvaluateAtomCurrentLevel 	; get the string to measure the length of.
.e677	bd 00 04	lda $0400,x			lda 	evalStack+0,x 				; copy string address to zTemp1
.e67a	85 26		sta $26				sta 	zTemp1
.e67c	bd 01 04	lda $0401,x			lda 	evalStack+1,x
.e67f	85 27		sta $27				sta 	zTemp1+1
.e681	5a		phy				phy
.e682	a0 00		ldy #$00			ldy 	#0 							; now get first character
.e684	b1 26		lda ($26),y			lda 	(zTemp1),y
.e686	7a		ply				ply
.e687	80 dc		bra $e665			bra 	UNARY_ReturnByte 			; return that byte.
.e689					UNARY_Abs:
.e689	ea		nop				nop
.e68a	20 71 e1	jsr $e171			jsr 	EvaluateAtomCurrentLevel 	; get the string to measure the length of.
.e68d	20 2d e5	jsr $e52d			jsr 	BFUNC_Negate 				; there's an ABS routine in divide
.e690	60		rts				rts
.e691					UNARY_Top:
.e691	ad 6c 20	lda $206c			lda 	highMemory
.e694	9d 00 04	sta $0400,x			sta 	evalStack+0,x
.e697	ad 6d 20	lda $206d			lda 	highMemory+1
.e69a	9d 01 04	sta $0401,x			sta 	evalStack+1,x
.e69d	a9 00		lda #$00			lda 	#0
.e69f	9d 02 04	sta $0402,x			sta 	evalStack+2,x
.e6a2	9d 03 04	sta $0403,x			sta 	evalStack+3,x
.e6a5	60		rts				rts
.e6a6					UNARY_Rnd:
.e6a6	20 b1 e6	jsr $e6b1			jsr 	Random16 					; call 16 bit RNG twice
.e6a9	e8		inx				inx
.e6aa	e8		inx				inx
.e6ab	20 b1 e6	jsr $e6b1			jsr 	Random16
.e6ae	ca		dex				dex
.e6af	ca		dex				dex
.e6b0	60		rts				rts
.e6b1					Random16:
.e6b1	ad 74 20	lda $2074			lda 	RandomSeed 					; initialise if nonzero
.e6b4	0d 75 20	ora $2075			ora 	RandomSeed+1
.e6b7	d0 0d		bne $e6c6			bne 	_R16_NoInit
.e6b9	ee 74 20	inc $2074			inc 	RandomSeed 					; by setting low to 1
.e6bc	5a		phy				phy
.e6bd	a0 14		ldy #$14			ldy 	#20 						; call it 20 times to get it started
.e6bf					_R16_Setup:
.e6bf	20 b1 e6	jsr $e6b1			jsr 	Random16
.e6c2	88		dey				dey
.e6c3	d0 fa		bne $e6bf			bne 	_R16_Setup
.e6c5	7a		ply				ply
.e6c6					_R16_NoInit:
.e6c6	4e 75 20	lsr $2075			lsr 	RandomSeed+1				; shift seed right
.e6c9	6e 74 20	ror $2074			ror 	RandomSeed
.e6cc	90 08		bcc $e6d6			bcc 	_R16_NoXor
.e6ce	ad 75 20	lda $2075			lda 	RandomSeed+1				; xor MSB with $B4 if bit set.
.e6d1	49 b4		eor #$b4			eor 	#$B4 						; like the Wikipedia one.
.e6d3	8d 75 20	sta $2075			sta 	RandomSeed+1
.e6d6					_R16_NoXor:
.e6d6	ad 74 20	lda $2074			lda 	RandomSeed					; copy result to evaluate stack.
.e6d9	9d 00 04	sta $0400,x			sta 	evalStack+0,x
.e6dc	ad 75 20	lda $2075			lda 	RandomSeed+1
.e6df	9d 01 04	sta $0401,x			sta 	evalStack+1,x
.e6e2	60		rts				rts

;******  Return to file: basic.asm


;******  Processing file: commands/execute.asm

.e6e3					COMMAND_Run:
.e6e3	20 78 e7	jsr $e778			jsr 	COMMAND_Clear 				; clear everything for a new run.
.e6e6	a2 00		ldx #$00			ldx 	#BasicProgram & 255 		; start from here
.e6e8	a0 22		ldy #$22			ldy 	#BasicProgram >> 8
.e6ea	86 20		stx $20				stx 	zCurrentLine 				; set current line.
.e6ec	84 21		sty $21				sty 	zCurrentLine+1
.e6ee					CRUNNewLine:
.e6ee	a0 00		ldy #$00			ldy 	#0 							; look at the offset, end of program
.e6f0	b1 20		lda ($20),y			lda 	(zCurrentLine),y
.e6f2	f0 3e		beq $e732			beq 	COMMAND_End 				; if zero, off end of program so stop.
.e6f4	a0 03		ldy #$03			ldy 	#3 							; offset to first token.
.e6f6					CRUNNextInstruction:
.e6f6	b1 20		lda ($20),y			lda 	(zCurrentLine),y 			; get next token
.e6f8	f0 07		beq $e701			beq 	CRUNNextLine 				; if zero, then end of line.
.e6fa					CRUNNotEndOfLine:
.e6fa	c9 8d		cmp #$8d			cmp 	#KW_Colon 					; check for a colon first.
.e6fc	d0 12		bne $e710			bne 	CRUNExecuteOne 				; if not that, execute the token.
.e6fe	c8		iny				iny		 							; if colon, skip it and loop round.
.e6ff	80 f5		bra $e6f6			bra 	CRUNNextInstruction
.e701					CRUNNextLine:
.e701	a0 00		ldy #$00			ldy 	#0 							; add offset from line to line pointer
.e703	b1 20		lda ($20),y			lda 	(zCurrentLine),y
.e705	18		clc				clc
.e706	65 20		adc $20				adc 	zCurrentLine
.e708	85 20		sta $20				sta 	zCurrentLine
.e70a	90 e2		bcc $e6ee			bcc 	CRUNNewLine
.e70c	e6 21		inc $21				inc 	zCurrentLine+1
.e70e	80 de		bra $e6ee			bra 	CRUNNewLine
.e710					CRUNExecuteOne:
.e710	c8		iny				iny 								; skip over loaded token
.e711	0a		asl a				asl 	a 							; double lower keyword byte, clears bit 7.
.e712	8d 6f 20	sta $206f			sta 	Temp1+1 					; this is the low byte into the KVT
.e715	8a		txa				txa
.e716	a9 e0		lda #$e0			lda 	#KeywordVectorTable >> 8 	; set high byte of KVT
.e718	8d 70 20	sta $2070			sta 	Temp1+2
.e71b	a9 6c		lda #$6c			lda 	#$6C 						; make it jump indirect
.e71d	8d 6e 20	sta $206e			sta 	Temp1+0
.e720	a9 00		lda #$00			lda 	#0 							; reset the string buffer position
.e722	8d 73 20	sta $2073			sta 	StringBufferPos
.e725	20 6e 20	jsr $206e			jsr 	Temp1 						; call instruction
.e728	80 cc		bra $e6f6			bra 	CRUNNextInstruction 		; do next instruction.
.e72a					COMMAND_Stop:
.e72a	20 f9 e7	jsr $e7f9			jsr 	ReportError
>e72d	53 74 6f 70 00					.text 	"Stop",$00
.e732					COMMAND_End:
>e732	02						.byte 	2
.e733	4c ee e7	jmp $e7ee			jmp 	WarmStart

;******  Return to file: basic.asm


;******  Processing file: commands/miscellany.asm

.e736					COMMAND_Assert:
.e736	20 75 e1	jsr $e175			jsr 	EvaluateBase 				; evaluate the expression
.e739	ea		nop				nop
.e73a	bd 00 04	lda $0400,x			lda 	evalStack+0,x 				; check non zero
.e73d	1d 01 04	ora $0401,x			ora 	evalStack+1,x
.e740	1d 02 04	ora $0402,x			ora 	evalStack+2,x
.e743	1d 03 04	ora $0403,x			ora 	evalStack+3,x
.e746	d0 12		bne $e75a			bne 	_CMDAExit
.e748	ea		nop				nop
.e749	20 f9 e7	jsr $e7f9			jsr 	ReportError
>e74c	41 73 73 65 72 74 20 66				.text 	"Assert failed",$00
>e754	61 69 6c 65 64 00
.e75a					_CMDAExit:
.e75a	60		rts				rts
.e75b					COMMAND_Rem:
.e75b	b1 20		lda ($20),y			lda 	(zCurrentLine),y 			; get next character token.
.e75d	f0 05		beq $e764			beq 	_CREMExit 					; End of line, then exit.
.e75f	c8		iny				iny 								; something to skip
.e760	c9 8d		cmp #$8d			cmp 	#KW_COLON 					; if not a colon
.e762	d0 f7		bne $e75b			bne 	COMMAND_Rem 				; keep searching
.e764					_CREMExit:
.e764	60		rts				rts
.e765					COMMAND_New:
.e765	a9 00		lda #$00			lda 	#0 							; erase the actual program.
.e767	8d 00 22	sta $2200			sta 	BasicProgram 				; by zeroing the initial offset.
.e76a	20 78 e7	jsr $e778			jsr 	COMMAND_Clear 				; clear non fixed variable, reset stack and low mem pointer
.e76d	a9 00		lda #$00			lda 	#endMemory & $FF 			; reset high memory pointer.
.e76f	8d 6c 20	sta $206c			sta 	HighMemory
.e772	a9 80		lda #$80			lda 	#endMemory >> 8
.e774	8d 6d 20	sta $206d			sta 	HighMemory+1
.e777	60		rts				rts
.e778					COMMAND_Clear:
.e778	a2 00		ldx #$00			ldx 	#0	 						; clear variables @A-Z
.e77a					_CCClearVar:
.e77a	a9 00		lda #$00			lda 	#$00
.e77c	9d 00 20	sta $2000,x			sta 	FixedVariables,x
.e77f	e8		inx				inx
.e780	e0 6c		cpx #$6c			cpx 	#27*4
.e782	10 f6		bpl $e77a			bpl 	_CCClearVar
.e784	a9 00		lda #$00			lda 	#basicStack & $FF 			; reset BASIC stack
.e786	85 22		sta $22				sta 	zBasicStack
.e788	a9 02		lda #$02			lda 	#basicStack >> 8
.e78a	85 23		sta $23				sta 	zBasicStack+1
.e78c	a9 00		lda #$00			lda 	#BasicProgram & $FF 		; now find where the program ends.
.e78e	85 24		sta $24				sta 	zLowMemory
.e790	a9 22		lda #$22			lda 	#BasicProgram >> 8
.e792	85 25		sta $25				sta 	zLowMemory+1
.e794					_CCFindEnd:
.e794	a0 00		ldy #$00			ldy 	#0 							; look at next offset
.e796	b1 24		lda ($24),y			lda 	(zLowMemory),y 				; if zero, reached the end.
.e798	f0 0b		beq $e7a5			beq 	_CCFoundEnd
.e79a	18		clc				clc 								; go to next line.
.e79b	65 24		adc $24				adc 	zLowMemory
.e79d	85 24		sta $24				sta 	zLowMemory
.e79f	90 f3		bcc $e794			bcc 	_CCFindEnd
.e7a1	e6 25		inc $25				inc 	zLowMemory+1
.e7a3	80 ef		bra $e794			bra 	_CCFindEnd
.e7a5					_CCFoundEnd:
.e7a5	e6 24		inc $24				inc 	zLowMemory 					; variables etc. start after end of program.
.e7a7	d0 02		bne $e7ab			bne 	_CCNoCarry 					; skip over zero end offset.
.e7a9	e6 25		inc $25				inc 	zLowMemory+1
.e7ab					_CCNoCarry:
.e7ab	60		rts				rts
.e7ac					COMMAND_Old:
.e7ac	a9 00		lda #$00			lda 	#BasicProgram & $FF 		; point zLowMemory to the first line.
.e7ae	85 24		sta $24				sta 	zLowMemory
.e7b0	a9 22		lda #$22			lda 	#BasicProgram >> 8
.e7b2	85 25		sta $25				sta 	zLowMemory+1
.e7b4	a0 03		ldy #$03			ldy 	#3 							; look for the $00 end of line marker.
.e7b6					_COScan:
.e7b6	b1 24		lda ($24),y			lda 	(zLowMemory),y 				; look at next byte pair
.e7b8	c8		iny				iny
.e7b9	f0 0d		beq $e7c8			beq 	_COFail 					; can't find marker, corrupted maybe ?
.e7bb	c9 00		cmp #$00			cmp 	#0 							; until $00 found.
.e7bd	d0 f7		bne $e7b6			bne 	_COScan
.e7bf	98		tya				tya 								; Y is the new offset to the next instruction
.e7c0	a0 00		ldy #$00			ldy 	#0 							; overwrite the old one
.e7c2	91 24		sta ($24),y			sta 	(zLowMemory),y
.e7c4	20 78 e7	jsr $e778			jsr 	COMMAND_Clear 				; reset variables, stacks and pointers.
.e7c7	60		rts				rts
.e7c8					_COFail:
.e7c8	20 f9 e7	jsr $e7f9			jsr 	ReportError
>e7cb	43 61 6e 6e 6f 74 20 72				.text 	"Cannot recover program",$00
>e7d3	65 63 6f 76 65 72 20 70 72 6f 67 72 61 6d 00

;******  Return to file: basic.asm

.e7e2					Start:
.e7e2	20 7f a0	jsr $a07f			jsr 	IOInitialise 				; set up porting stuff.
.e7e5	a2 ff		ldx #$ff		ldx 	#$FF 							; reset 6502 stack.
.e7e7	9a		txs			txs
.e7e8	20 65 e7	jsr $e765			jsr 	COMMAND_New 				; do a new
.e7eb	20 ac e7	jsr $e7ac			jsr 	COMMAND_Old 				; get back the old program as we're deving.
.e7ee					WarmStart:
.e7ee	a2 ff		ldx #$ff		ldx 	#$FF 							; reset 6502 stack.
.e7f0	9a		txs			txs
.e7f1	4c e3 e6	jmp $e6e3			jmp 	COMMAND_Run 				; RUN current program.
.e7f4					SyntaxError:
.e7f4	a9 01		lda #$01			lda 	#1
.e7f6	ea		nop				nop
.e7f7	80 fb		bra $e7f4			bra 	SyntaxError
.e7f9					ReportError:
.e7f9	a9 02		lda #$02			lda 	#2
.e7fb	ea		nop				nop
.e7fc	80 fb		bra $e7f9			bra 	ReportError

;******  Processing file: include/basic_generated.inc

>2200	07 01 00 97 20 41 00 00			.byte $07,$01,$00,$97,$20,$41,$00,$00

;******  Return to file: basic.asm


;******  End of listing
